<html>
<body>
<pre>
<h1>µVision Build Log</h1>
<h2>Tool Versions:</h2>
IDE-Version: ¦ÌVision V5.38.0.0
Copyright (C) 2022 ARM Ltd and ARM Germany GmbH. All rights reserved.
License Information: H XU, HP Inc., LIC=CZLZX-HEARQ-UHJ8H-W1MP3-VWYZ3-6R2M8
 
Tool Versions:
Toolchain:       MDK-ARM Plus  Version: 5.38.0.0
Toolchain Path:  D:\Keil_v5\ARM\ARMCLANG\Bin
C Compiler:      ArmClang.exe V6.19
Assembler:       Armasm.exe V6.19
Linker/Locator:  ArmLink.exe V6.19
Library Manager: ArmAr.exe V6.19
Hex Converter:   FromElf.exe V6.19
CPU DLL:         SARMCM3.DLL V5.38.0.0
Dialog DLL:      DCM.DLL V1.17.5.0
Target DLL:      STLink\ST-LINKIII-KEIL_SWO.dll V3.1.0.0
Dialog DLL:      TCM.DLL V1.56.4.0
 
<h2>Project:</h2>
D:\stm32_motor_rtt_nano_demo001\stm32_motor_rtt_nano_demo001\MDK-ARM\stm32_motor_rtt_nano_demo001.uvprojx
Project File Date:  05/16/2024

<h2>Output:</h2>
*** Using Compiler 'V6.19', folder: 'D:\Keil_v5\ARM\ARMCLANG\Bin'
Build target 'stm32_motor_rtt_nano_demo001'
compiling main.c...
compiling motor.c...
linking...
Program Size: Code=24236 RO-data=2004 RW-data=80 ZI-data=18360  
FromELF: creating hex file...
"stm32_motor_rtt_nano_demo001\stm32_motor_rtt_nano_demo001.axf" - 0 Error(s), 0 Warning(s).

<h2>Software Packages used:</h2>

Package Vendor: ARM
                http://www.keil.com/pack/ARM.CMSIS.5.9.0.pack
                ARM.CMSIS.5.9.0
                CMSIS (Common Microcontroller Software Interface Standard)
   * Component: CORE Version: 5.6.0

Package Vendor: RealThread
                https://www.rt-thread.org/download/mdk/RealThread.RT-Thread.3.1.5.pack
                RealThread.RT-Thread.3.1.5
                RT-Thread Software Components
   * Component: kernel Version: 3.1.5
   * Component: shell Version: 3.1.5

Package Vendor: Keil
                https://www.keil.com/pack/Keil.STM32F1xx_DFP.2.4.1.pack
                Keil.STM32F1xx_DFP.2.4.1
                STMicroelectronics STM32F1 Series Device Support, Drivers and Examples

<h2>Collection of Component include folders:</h2>
  ./RTE/RTOS
  ./RTE/_stm32_motor_rtt_nano_demo001
  D:/Users/HXU/AppData/Local/Arm/Packs/ARM/CMSIS/5.9.0/CMSIS/Core/Include
  D:/Users/HXU/AppData/Local/Arm/Packs/Keil/STM32F1xx_DFP/2.4.1/Device/Include
  D:/Users/HXU/AppData/Local/Arm/Packs/RealThread/RT-Thread/3.1.5/components/finsh
  D:/Users/HXU/AppData/Local/Arm/Packs/RealThread/RT-Thread/3.1.5/include

<h2>Collection of Component Files used:</h2>

   * Component: ARM::CMSIS:CORE:5.6.0
      Include file:  CMSIS/Core/Include/tz_context.h

   * Component: RealThread.RT-Thread::RTOS:kernel:3.1.5
      Source file:   src/irq.c
      Include file:  bsp/_template/rtconfig.h
      Source file:   bsp/_template/board.c
      Source file:   src/components.c
      Source file:   src/mempool.c
      Source file:   src/idle.c
      Source file:   src/clock.c
      Source file:   src/scheduler.c
      Source file:   src/thread.c
      Source file:   src/timer.c
      Source file:   src/ipc.c
      Source file:   src/kservice.c
      Source file:   libcpu/arm/cortex-m3/context_rvds.S
      Source file:   src/object.c
      Source file:   src/mem.c
      Source file:   libcpu/arm/cortex-m3/cpuport.c

   * Component: RealThread.RT-Thread::RTOS:shell:3.1.5
      Source file:   components/finsh/cmd.c
      Source file:   components/finsh/finsh_port.c
      Include file:  components/finsh/finsh_config.h
      Source file:   components/finsh/msh.c
      Source file:   components/finsh/shell.c
Build Time Elapsed:  00:00:01
</pre>
</body>
</html>
