Component: Arm Compiler for Embedded 6.19 Tool: armlink [5e73cb00]

==============================================================================

Section Cross References

    startup_stm32f103xb.o(STACK) refers (Special) to heapauxi.o(.text) for __use_two_region_memory
    startup_stm32f103xb.o(HEAP) refers (Special) to heapauxi.o(.text) for __use_two_region_memory
    startup_stm32f103xb.o(RESET) refers (Special) to heapauxi.o(.text) for __use_two_region_memory
    startup_stm32f103xb.o(RESET) refers to startup_stm32f103xb.o(STACK) for __initial_sp
    startup_stm32f103xb.o(RESET) refers to startup_stm32f103xb.o(.text) for Reset_Handler
    startup_stm32f103xb.o(RESET) refers to stm32f1xx_it.o(.text.NMI_Handler) for NMI_Handler
    startup_stm32f103xb.o(RESET) refers to context_rvds.o(.text) for HardFault_Handler
    startup_stm32f103xb.o(RESET) refers to stm32f1xx_it.o(.text.MemManage_Handler) for MemManage_Handler
    startup_stm32f103xb.o(RESET) refers to stm32f1xx_it.o(.text.BusFault_Handler) for BusFault_Handler
    startup_stm32f103xb.o(RESET) refers to stm32f1xx_it.o(.text.UsageFault_Handler) for UsageFault_Handler
    startup_stm32f103xb.o(RESET) refers to stm32f1xx_it.o(.text.SVC_Handler) for SVC_Handler
    startup_stm32f103xb.o(RESET) refers to stm32f1xx_it.o(.text.DebugMon_Handler) for DebugMon_Handler
    startup_stm32f103xb.o(RESET) refers to board.o(.text.SysTick_Handler) for SysTick_Handler
    startup_stm32f103xb.o(.text) refers (Special) to heapauxi.o(.text) for __use_two_region_memory
    startup_stm32f103xb.o(.text) refers to system_stm32f1xx.o(.text.SystemInit) for SystemInit
    startup_stm32f103xb.o(.text) refers to __main.o(!!!main) for __main
    startup_stm32f103xb.o(.text) refers to startup_stm32f103xb.o(HEAP) for Heap_Mem
    startup_stm32f103xb.o(.text) refers to startup_stm32f103xb.o(STACK) for Stack_Mem
    main.o(.text.main) refers to stm32f1xx_hal.o(.text.HAL_Init) for HAL_Init
    main.o(.text.main) refers to stm32f1xx_hal_rcc.o(.text.HAL_RCC_OscConfig) for HAL_RCC_OscConfig
    main.o(.text.main) refers to stm32f1xx_hal_rcc.o(.text.HAL_RCC_ClockConfig) for HAL_RCC_ClockConfig
    main.o(.text.main) refers to gpio.o(.text.MX_GPIO_Init) for MX_GPIO_Init
    main.o(.text.main) refers to usart.o(.text.MX_USART2_UART_Init) for MX_USART2_UART_Init
    main.o(.text.main) refers to motor.o(.text.motor) for motor
    main.o(.ARM.exidx.text.main) refers to main.o(.text.main) for [Anonymous Symbol]
    main.o(.text.SystemClock_Config) refers to stm32f1xx_hal_rcc.o(.text.HAL_RCC_OscConfig) for HAL_RCC_OscConfig
    main.o(.text.SystemClock_Config) refers to stm32f1xx_hal_rcc.o(.text.HAL_RCC_ClockConfig) for HAL_RCC_ClockConfig
    main.o(.ARM.exidx.text.SystemClock_Config) refers to main.o(.text.SystemClock_Config) for [Anonymous Symbol]
    main.o(.ARM.exidx.text.Error_Handler) refers to main.o(.text.Error_Handler) for [Anonymous Symbol]
    main.o(.text.rt_hw_console_output) refers to usart.o(.bss.huart2) for huart2
    main.o(.text.rt_hw_console_output) refers to kservice.o(.text.rt_strlen) for rt_strlen
    main.o(.text.rt_hw_console_output) refers to stm32f1xx_hal_uart.o(.text.HAL_UART_Transmit) for HAL_UART_Transmit
    main.o(.ARM.exidx.text.rt_hw_console_output) refers to main.o(.text.rt_hw_console_output) for [Anonymous Symbol]
    main.o(.text.rt_hw_console_getchar) refers to usart.o(.bss.huart2) for huart2
    main.o(.text.rt_hw_console_getchar) refers to thread.o(.text.rt_thread_mdelay) for rt_thread_mdelay
    main.o(.ARM.exidx.text.rt_hw_console_getchar) refers to main.o(.text.rt_hw_console_getchar) for [Anonymous Symbol]
    gpio.o(.text.MX_GPIO_Init) refers to stm32f1xx_hal_gpio.o(.text.HAL_GPIO_WritePin) for HAL_GPIO_WritePin
    gpio.o(.text.MX_GPIO_Init) refers to stm32f1xx_hal_gpio.o(.text.HAL_GPIO_Init) for HAL_GPIO_Init
    gpio.o(.ARM.exidx.text.MX_GPIO_Init) refers to gpio.o(.text.MX_GPIO_Init) for [Anonymous Symbol]
    usart.o(.text.MX_USART2_UART_Init) refers to usart.o(.bss.huart2) for huart2
    usart.o(.text.MX_USART2_UART_Init) refers to stm32f1xx_hal_uart.o(.text.HAL_UART_Init) for HAL_UART_Init
    usart.o(.text.MX_USART2_UART_Init) refers to main.o(.text.Error_Handler) for Error_Handler
    usart.o(.ARM.exidx.text.MX_USART2_UART_Init) refers to usart.o(.text.MX_USART2_UART_Init) for [Anonymous Symbol]
    usart.o(.text.HAL_UART_MspInit) refers to stm32f1xx_hal_gpio.o(.text.HAL_GPIO_Init) for HAL_GPIO_Init
    usart.o(.ARM.exidx.text.HAL_UART_MspInit) refers to usart.o(.text.HAL_UART_MspInit) for [Anonymous Symbol]
    usart.o(.text.HAL_UART_MspDeInit) refers to stm32f1xx_hal_gpio.o(.text.HAL_GPIO_DeInit) for HAL_GPIO_DeInit
    usart.o(.ARM.exidx.text.HAL_UART_MspDeInit) refers to usart.o(.text.HAL_UART_MspDeInit) for [Anonymous Symbol]
    stm32f1xx_it.o(.ARM.exidx.text.NMI_Handler) refers to stm32f1xx_it.o(.text.NMI_Handler) for [Anonymous Symbol]
[...]
    [Anonymous Symbol]                       0x08004340   Section        0  scheduler.o(.text.rt_schedule_insert_thread)
    [Anonymous Symbol]                       0x08004394   Section        0  scheduler.o(.text.rt_schedule_remove_thread)
    [Anonymous Symbol]                       0x080043ec   Section        0  ipc.o(.text.rt_sem_init)
    [Anonymous Symbol]                       0x0800440c   Section        0  ipc.o(.text.rt_sem_release)
    [Anonymous Symbol]                       0x08004460   Section        0  ipc.o(.text.rt_sem_take)
    [Anonymous Symbol]                       0x08004550   Section        0  kservice.o(.text.rt_show_version)
    [Anonymous Symbol]                       0x08004608   Section        0  kservice.o(.text.rt_strlen)
    [Anonymous Symbol]                       0x08004638   Section        0  kservice.o(.text.rt_strncpy)
    [Anonymous Symbol]                       0x080046c0   Section        0  mem.o(.text.rt_system_heap_init)
    [Anonymous Symbol]                       0x0800477c   Section        0  scheduler.o(.text.rt_system_scheduler_init)
    [Anonymous Symbol]                       0x080048a8   Section        0  scheduler.o(.text.rt_system_scheduler_start)
    [Anonymous Symbol]                       0x080048d8   Section        0  timer.o(.text.rt_system_timer_init)
    [Anonymous Symbol]                       0x080048e8   Section        0  timer.o(.text.rt_system_timer_thread_init)
    [Anonymous Symbol]                       0x080048ec   Section        0  thread.o(.text.rt_thread_create)
    [Anonymous Symbol]                       0x0800499c   Section        0  thread.o(.text.rt_thread_exit)
    rt_thread_idle_entry                     0x08004a19   Thumb Code    62  idle.o(.text.rt_thread_idle_entry)
    [Anonymous Symbol]                       0x08004a18   Section        0  idle.o(.text.rt_thread_idle_entry)
    [Anonymous Symbol]                       0x08004a58   Section        0  idle.o(.text.rt_thread_idle_init)
    [Anonymous Symbol]                       0x08004aa8   Section        0  thread.o(.text.rt_thread_init)
    [Anonymous Symbol]                       0x08004b38   Section        0  thread.o(.text.rt_thread_mdelay)
    [Anonymous Symbol]                       0x08004b48   Section        0  thread.o(.text.rt_thread_resume)
    [Anonymous Symbol]                       0x08004b90   Section        0  thread.o(.text.rt_thread_self)
    [Anonymous Symbol]                       0x08004b9c   Section        0  thread.o(.text.rt_thread_sleep)
    [Anonymous Symbol]                       0x08004c14   Section        0  thread.o(.text.rt_thread_startup)
    [Anonymous Symbol]                       0x08004c70   Section        0  thread.o(.text.rt_thread_suspend)
    [Anonymous Symbol]                       0x08004cb4   Section        0  thread.o(.text.rt_thread_timeout)
    [Anonymous Symbol]                       0x08004cdc   Section        0  thread.o(.text.rt_thread_yield)
    [Anonymous Symbol]                       0x08004d40   Section        0  clock.o(.text.rt_tick_from_millisecond)
    [Anonymous Symbol]                       0x08004d74   Section        0  clock.o(.text.rt_tick_get)
    [Anonymous Symbol]                       0x08004d80   Section        0  clock.o(.text.rt_tick_increase)
    [Anonymous Symbol]                       0x08004db4   Section        0  timer.o(.text.rt_timer_check)
    [Anonymous Symbol]                       0x08004f3c   Section        0  timer.o(.text.rt_timer_control)
    [Anonymous Symbol]                       0x08004fa4   Section        0  timer.o(.text.rt_timer_detach)
    [Anonymous Symbol]                       0x08004fd4   Section        0  timer.o(.text.rt_timer_init)
    [Anonymous Symbol]                       0x08005008   Section        0  timer.o(.text.rt_timer_start)
    [Anonymous Symbol]                       0x080050dc   Section        0  timer.o(.text.rt_timer_stop)
    [Anonymous Symbol]                       0x08005114   Section        0  kservice.o(.text.rt_vsnprintf)
    rti_board_end                            0x08005909   Thumb Code     4  components.o(.text.rti_board_end)
    [Anonymous Symbol]                       0x08005908   Section        0  components.o(.text.rti_board_end)
    rti_board_start                          0x0800590d   Thumb Code     4  components.o(.text.rti_board_start)
    [Anonymous Symbol]                       0x0800590c   Section        0  components.o(.text.rti_board_start)
    rti_end                                  0x08005911   Thumb Code     4  components.o(.text.rti_end)
    [Anonymous Symbol]                       0x08005910   Section        0  components.o(.text.rti_end)
    rti_start                                0x08005915   Thumb Code     4  components.o(.text.rti_start)
    [Anonymous Symbol]                       0x08005914   Section        0  components.o(.text.rti_start)
    uart_init                                0x08005919   Thumb Code    58  board.o(.text.uart_init)
    [Anonymous Symbol]                       0x08005918   Section        0  board.o(.text.uart_init)
    [Anonymous Symbol]                       0x08005954   Section        0  cmd.o(.text.version)
    x$fpl$d2f                                0x08005960   Section       98  d2f.o(x$fpl$d2f)
    x$fpl$ddiv                               0x080059c4   Section      692  ddiv.o(x$fpl$ddiv)
    ddiv_entry                               0x080059cb   Thumb Code     0  ddiv.o(x$fpl$ddiv)
    x$fpl$dmul                               0x08005c78   Section      340  dmul.o(x$fpl$dmul)
    x$fpl$dnaninf                            0x08005dcc   Section      156  dnaninf.o(x$fpl$dnaninf)
    x$fpl$dretinf                            0x08005e68   Section       12  dretinf.o(x$fpl$dretinf)
    x$fpl$f2d                                0x08005e74   Section       86  f2d.o(x$fpl$f2d)
    x$fpl$ffix                               0x08005ecc   Section       54  ffix.o(x$fpl$ffix)
    x$fpl$fnaninf                            0x08005f02   Section      140  fnaninf.o(x$fpl$fnaninf)
    x$fpl$fretinf                            0x08005f8e   Section       10  fretinf.o(x$fpl$fretinf)
    x$fpl$usenofp                            0x08005f98   Section        0  usenofp.o(x$fpl$usenofp)
    HAL_RCC_GetSysClockFreq.aPredivFactorTable 0x08005fb0   Data           2  stm32f1xx_hal_rcc.o(.rodata.HAL_RCC_GetSysClockFreq.aPredivFactorTable)
    [Anonymous Symbol]                       0x08005fb0   Section        0  stm32f1xx_hal_rcc.o(.rodata.HAL_RCC_GetSysClockFreq.aPredivFactorTable)
    HAL_RCC_GetSysClockFreq.aPLLMULFactorTable 0x080060b2   Data          16  stm32f1xx_hal_rcc.o(.rodata.cst16)
    [Anonymous Symbol]                       0x080060b2   Section        0  stm32f1xx_hal_rcc.o(.rodata.cst16)
    .L.str.27                                0x08006306   Data          13  cmd.o(.rodata.str1.1)
    [Anonymous Symbol]                       0x08006306   Section        0  cmd.o(.rodata.str1.1)
    .L.str.26                                0x08006308   Data          11  cmd.o(.rodata.str1.1)
    .L.str.2                                 0x08006313   Data          68  cmd.o(.rodata.str1.1)
    .L.str.25                                0x08006372   Data          22  cmd.o(.rodata.str1.1)
    .L.str.32                                0x08006388   Data           2  cmd.o(.rodata.str1.1)
    .L.str.34                                0x0800638a   Data           2  cmd.o(.rodata.str1.1)
    .L.str.33                                0x0800639e   Data           3  cmd.o(.rodata.str1.1)
    .L.str                                   0x080063a1   Data          27  msh.o(.rodata.str1.1)
    [Anonymous Symbol]                       0x080063a1   Section        0  msh.o(.rodata.str1.1)
    .L.str.2                                 0x080063bc   Data          12  msh.o(.rodata.str1.1)
    .L.str.1                                 0x080063c8   Data           7  msh.o(.rodata.str1.1)
    .L.str.3                                 0x080063cf   Data           2  shell.o(.rodata.str1.1)
    [Anonymous Symbol]                       0x080063cf   Section        0  shell.o(.rodata.str1.1)
    .L.str.4                                 0x080063d1   Data           3  shell.o(.rodata.str1.1)
    .L.str.17                                0x080063d4   Data          26  cpuport.o(.rodata.str1.1)
    [Anonymous Symbol]                       0x080063d4   Section        0  cpuport.o(.rodata.str1.1)
    .L.str.16                                0x080063ee   Data          29  cpuport.o(.rodata.str1.1)
    .L.str.30                                0x0800640b   Data          19  cpuport.o(.rodata.str1.1)
    .L.str.37                                0x0800641e   Data          14  cpuport.o(.rodata.str1.1)
    .L.str.21                                0x0800642c   Data          12  cpuport.o(.rodata.str1.1)
    .L.str.28                                0x08006438   Data          16  cpuport.o(.rodata.str1.1)
    .L.str.36                                0x08006448   Data          16  cpuport.o(.rodata.str1.1)
    .L.str.19                                0x08006458   Data          21  cpuport.o(.rodata.str1.1)
    .L.str.20                                0x0800646d   Data          13  cpuport.o(.rodata.str1.1)
    .L.str.1                                 0x0800647a   Data          13  cpuport.o(.rodata.str1.1)
    .L.str.2                                 0x08006487   Data          13  cpuport.o(.rodata.str1.1)
    .L.str.3                                 0x08006494   Data          13  cpuport.o(.rodata.str1.1)
    .L.str.4                                 0x080064a1   Data          13  cpuport.o(.rodata.str1.1)
    .L.str.5                                 0x080064ae   Data          13  cpuport.o(.rodata.str1.1)
    .L.str                                   0x080064bb   Data          13  cpuport.o(.rodata.str1.1)
    .L.str.15                                0x080064c6   Data           2  cpuport.o(.rodata.str1.1)
    .L.str.29                                0x080064c6   Data           2  cpuport.o(.rodata.str1.1)
    .L.str.3                                 0x080064c6   Data           2  cpuport.o(.rodata.str1.1)
    .L.str.7                                 0x080064c6   Data           2  cpuport.o(.rodata.str1.1)
    .L.str.41                                0x080064c8   Data           7  cpuport.o(.rodata.str1.1)
    .L.str.43                                0x080064cf   Data          11  cpuport.o(.rodata.str1.1)
    .L.str.40                                0x080064da   Data          10  cpuport.o(.rodata.str1.1)
    .L.str.33                                0x080064e4   Data          10  cpuport.o(.rodata.str1.1)
    .L.str.32                                0x080064ee   Data          10  cpuport.o(.rodata.str1.1)
    .L.str.44                                0x080064f8   Data          11  cpuport.o(.rodata.str1.1)
    .L.str.42                                0x08006503   Data           6  cpuport.o(.rodata.str1.1)
    .L.str.35                                0x08006509   Data           9  cpuport.o(.rodata.str1.1)
    .L.str.34                                0x08006512   Data          11  cpuport.o(.rodata.str1.1)
    .L.str.26                                0x08006513   Data          10  cpuport.o(.rodata.str1.1)
    .L.str.25                                0x0800651d   Data          13  cpuport.o(.rodata.str1.1)
    .L.str.24                                0x0800651f   Data          11  cpuport.o(.rodata.str1.1)
    .L.str.23                                0x0800652a   Data           9  cpuport.o(.rodata.str1.1)
    .L.str.39                                0x08006533   Data          12  cpuport.o(.rodata.str1.1)
    .L.str.22                                0x0800653f   Data          22  cpuport.o(.rodata.str1.1)
    .L.str.31                                0x08006555   Data          22  cpuport.o(.rodata.str1.1)
    .L.str.38                                0x0800656b   Data          22  cpuport.o(.rodata.str1.1)
    .L.str                                   0x08006581   Data           5  components.o(.rodata.str1.1)
    [Anonymous Symbol]                       0x08006581   Section        0  components.o(.rodata.str1.1)
    __tagsym$$used.0                         0x08006588   Number         0  components.o(.rti_fn.0)
    __tagsym$$used.1                         0x0800658c   Number         0  components.o(.rti_fn.0.end)
    __tagsym$$used.0                         0x08006590   Number         0  board.o(.rti_fn.1)
    __tagsym$$used.2                         0x08006594   Number         0  components.o(.rti_fn.1.end)
    __tagsym$$used.0                         0x08006598   Number         0  shell.o(.rti_fn.6)
    __tagsym$$used.3                         0x0800659c   Number         0  components.o(.rti_fn.6.end)
    __tagsym$$used.0                         0x080065a0   Number         0  cmd.o(FSymTab)
    __tagsym$$used.1                         0x080065ac   Number         0  cmd.o(FSymTab)
    __tagsym$$used.2                         0x080065b8   Number         0  cmd.o(FSymTab)
    __tagsym$$used.3                         0x080065c4   Number         0  cmd.o(FSymTab)
    __tagsym$$used.4                         0x080065d0   Number         0  cmd.o(FSymTab)
    __tagsym$$used.5                         0x080065dc   Number         0  cmd.o(FSymTab)
    __tagsym$$used.6                         0x080065e8   Number         0  cmd.o(FSymTab)
    __tagsym$$used.7                         0x080065f4   Number         0  cmd.o(FSymTab)
    __tagsym$$used.8                         0x08006600   Number         0  cmd.o(FSymTab)
    __tagsym$$used.9                         0x0800660c   Number         0  cmd.o(FSymTab)
    __tagsym$$used.10                        0x08006618   Number         0  cmd.o(FSymTab)
    __tagsym$$used.11                        0x08006624   Number         0  cmd.o(FSymTab)
    __tagsym$$used.0                         0x08006630   Number         0  msh.o(FSymTab)
    __tagsym$$used.1                         0x0800663c   Number         0  msh.o(FSymTab)
    __tagsym$$used.2                         0x08006648   Number         0  msh.o(FSymTab)
    __tagsym$$used.0                         0x08006654   Number         0  mem.o(FSymTab)
    .L_MergedGlobals                         0x20000000   Data           8  stm32f1xx_hal.o(.data..L_MergedGlobals)
    [Anonymous Symbol]                       0x20000000   Section        0  stm32f1xx_hal.o(.data..L_MergedGlobals)
    rt_object_container                      0x20000010   Data          64  object.o(.data.rt_object_container)
    [Anonymous Symbol]                       0x20000010   Section        0  object.o(.data.rt_object_container)
    .bss                                     0x20000050   Section       96  libspace.o(.bss)
    .L_MergedGlobals                         0x200000b0   Data          24  shell.o(.bss..L_MergedGlobals)
    [Anonymous Symbol]                       0x200000b0   Section        0  shell.o(.bss..L_MergedGlobals)
    finsh_prompt_custom                      0x200000c0   Data           4  shell.o(.bss..L_MergedGlobals)
    .L_MergedGlobals                         0x200000c8   Data          56  mem.o(.bss..L_MergedGlobals)
    mem_size_aligned                         0x200000c8   Data           4  mem.o(.bss..L_MergedGlobals)
    [Anonymous Symbol]                       0x200000c8   Section        0  mem.o(.bss..L_MergedGlobals)
    heap_ptr                                 0x200000cc   Data           4  mem.o(.bss..L_MergedGlobals)
    heap_end                                 0x200000d0   Data           4  mem.o(.bss..L_MergedGlobals)
    lfree                                    0x200000d4   Data           4  mem.o(.bss..L_MergedGlobals)
    used_mem                                 0x200000d8   Data           4  mem.o(.bss..L_MergedGlobals)
    max_mem                                  0x200000dc   Data           4  mem.o(.bss..L_MergedGlobals)
    heap_sem                                 0x200000e0   Data          32  mem.o(.bss..L_MergedGlobals)
    .L_MergedGlobals                         0x20000100   Data          20  scheduler.o(.bss..L_MergedGlobals)
    [Anonymous Symbol]                       0x20000100   Section        0  scheduler.o(.bss..L_MergedGlobals)
    rt_scheduler_lock_nest                   0x20000102   Data           2  scheduler.o(.bss..L_MergedGlobals)
    .L_MergedGlobals                         0x20000114   Data          12  timer.o(.bss..L_MergedGlobals)
    rt_timer_start.random_nr                 0x20000114   Data           4  timer.o(.bss..L_MergedGlobals)
    [Anonymous Symbol]                       0x20000114   Section        0  timer.o(.bss..L_MergedGlobals)
    rt_timer_list                            0x20000118   Data           8  timer.o(.bss..L_MergedGlobals)
    finsh_get_prompt.finsh_prompt            0x20000120   Data         257  shell.o(.bss.finsh_get_prompt.finsh_prompt)
    [Anonymous Symbol]                       0x20000120   Section        0  shell.o(.bss.finsh_get_prompt.finsh_prompt)
    idle                                     0x2000026c   Data         120  idle.o(.bss.idle)
    [Anonymous Symbol]                       0x2000026c   Section        0  idle.o(.bss.idle)
    motor.num                                0x200002e4   Data           4  motor.o(.bss.motor.num)
    [Anonymous Symbol]                       0x200002e4   Section        0  motor.o(.bss.motor.num)
    rt_exception_hook                        0x200002e8   Data           4  cpuport.o(.bss.rt_exception_hook)
    [Anonymous Symbol]                       0x200002e8   Section        0  cpuport.o(.bss.rt_exception_hook)
    rt_heap                                  0x200002ec   Data       15360  board.o(.bss.rt_heap)
    [Anonymous Symbol]                       0x200002ec   Section        0  board.o(.bss.rt_heap)
    rt_kprintf.rt_log_buf                    0x20003ef8   Data         256  kservice.o(.bss.rt_kprintf.rt_log_buf)
    [Anonymous Symbol]                       0x20003ef8   Section        0  kservice.o(.bss.rt_kprintf.rt_log_buf)
    rt_thread_stack                          0x200040f8   Data         256  idle.o(.bss.rt_thread_stack)
    [Anonymous Symbol]                       0x200040f8   Section        0  idle.o(.bss.rt_thread_stack)
    rt_tick                                  0x200041fc   Data           4  clock.o(.bss.rt_tick)
    [Anonymous Symbol]                       0x200041fc   Section        0  clock.o(.bss.rt_tick)
    Heap_Mem                                 0x20004208   Data         512  startup_stm32f103xb.o(HEAP)
    HEAP                                     0x20004208   Section      512  startup_stm32f103xb.o(HEAP)
    Stack_Mem                                0x20004408   Data        1024  startup_stm32f103xb.o(STACK)
    STACK                                    0x20004408   Section     1024  startup_stm32f103xb.o(STACK)
    __initial_sp                             0x20004808   Data           0  startup_stm32f103xb.o(STACK)

    Global Symbols

    Symbol Name                              Value     Ov Type        Size  Object(Section)

    BuildAttributes$$THM_ISAv4$P$D$K$B$S$PE$A:L22UL41UL21$X:L11$S22US41US21$IEEE1$IW$~IW$USESV6$~STKCKD$USESV7$~SHL$OTIME$ROPI$EBA8$UX$STANDARDLIB$REQ8$PRES8$EABIv2 0x00000000   Number         0  anon$$obj.o ABSOLUTE
    __fp_init_empty                          0x00000000   Number         0  fpinit_empty.o ABSOLUTE
    __ARM_exceptions_init                     - Undefined Weak Reference
    __alloca_initialize                       - Undefined Weak Reference
    __arm_preinit_                            - Undefined Weak Reference
    __arm_relocate_pie_                       - Undefined Weak Reference
    __cpp_initialize__aeabi_                  - Undefined Weak Reference
    __cxa_finalize                            - Undefined Weak Reference
    __rt_locale                               - Undefined Weak Reference
    __sigvec_lookup                           - Undefined Weak Reference
    _atexit_init                              - Undefined Weak Reference
    _call_atexit_fns                          - Undefined Weak Reference
    _clock_init                               - Undefined Weak Reference
    _fp_trap_init                             - Undefined Weak Reference
    _fp_trap_shutdown                         - Undefined Weak Reference
    _get_lc_collate                           - Undefined Weak Reference
    _get_lc_ctype                             - Undefined Weak Reference
    _get_lc_monetary                          - Undefined Weak Reference
    _get_lc_numeric                           - Undefined Weak Reference
    _get_lc_time                              - Undefined Weak Reference
    _getenv_init                              - Undefined Weak Reference
    _handle_redirection                       - Undefined Weak Reference
    _init_alloc                               - Undefined Weak Reference
    _init_user_alloc                          - Undefined Weak Reference
    _initio                                   - Undefined Weak Reference
    _rand_init                                - Undefined Weak Reference
    _signal_finish                            - Undefined Weak Reference
    _signal_init                              - Undefined Weak Reference
    _terminate_alloc                          - Undefined Weak Reference
    _terminate_user_alloc                     - Undefined Weak Reference
    _terminateio                              - Undefined Weak Reference
    __Vectors_Size                           0x000000ec   Number         0  startup_stm32f103xb.o ABSOLUTE
    __Vectors                                0x08000000   Data           4  startup_stm32f103xb.o(RESET)
    __Vectors_End                            0x080000ec   Data           0  startup_stm32f103xb.o(RESET)
    __main                                   0x080000ed   Thumb Code     8  __main.o(!!!main)
    __scatterload                            0x080000f5   Thumb Code     0  __scatter.o(!!!scatter)
    __scatterload_rt2                        0x080000f5   Thumb Code    44  __scatter.o(!!!scatter)
    __scatterload_rt2_thumb_only             0x080000f5   Thumb Code     0  __scatter.o(!!!scatter)
    __scatterload_null                       0x08000103   Thumb Code     0  __scatter.o(!!!scatter)
    __scatterload_copy                       0x08000129   Thumb Code    26  __scatter_copy.o(!!handler_copy)
    __scatterload_zeroinit                   0x08000145   Thumb Code    28  __scatter_zi.o(!!handler_zi)
    __rt_lib_init                            0x08000161   Thumb Code     0  libinit.o(.ARM.Collect$$libinit$$00000000)
    __rt_lib_init_alloca_1                   0x08000163   Thumb Code     0  libinit2.o(.ARM.Collect$$libinit$$00000030)
    __rt_lib_init_argv_1                     0x08000163   Thumb Code     0  libinit2.o(.ARM.Collect$$libinit$$0000002E)
    __rt_lib_init_atexit_1                   0x08000163   Thumb Code     0  libinit2.o(.ARM.Collect$$libinit$$0000001D)
    __rt_lib_init_clock_1                    0x08000163   Thumb Code     0  libinit2.o(.ARM.Collect$$libinit$$00000023)
    __rt_lib_init_cpp_1                      0x08000163   Thumb Code     0  libinit2.o(.ARM.Collect$$libinit$$00000034)
    __rt_lib_init_exceptions_1               0x08000163   Thumb Code     0  libinit2.o(.ARM.Collect$$libinit$$00000032)
    __rt_lib_init_fp_1                       0x08000163   Thumb Code     0  libinit2.o(.ARM.Collect$$libinit$$00000002)
    __rt_lib_init_fp_trap_1                  0x08000163   Thumb Code     0  libinit2.o(.ARM.Collect$$libinit$$00000021)
    __rt_lib_init_getenv_1                   0x08000163   Thumb Code     0  libinit2.o(.ARM.Collect$$libinit$$00000025)
    __rt_lib_init_heap_1                     0x08000163   Thumb Code     0  libinit2.o(.ARM.Collect$$libinit$$0000000C)
    __rt_lib_init_lc_collate_1               0x08000163   Thumb Code     0  libinit2.o(.ARM.Collect$$libinit$$00000013)
    __rt_lib_init_lc_ctype_1                 0x08000163   Thumb Code     0  libinit2.o(.ARM.Collect$$libinit$$00000015)
    __rt_lib_init_lc_monetary_1              0x08000163   Thumb Code     0  libinit2.o(.ARM.Collect$$libinit$$00000017)
    __rt_lib_init_lc_numeric_1               0x08000163   Thumb Code     0  libinit2.o(.ARM.Collect$$libinit$$00000019)
    __rt_lib_init_lc_time_1                  0x08000163   Thumb Code     0  libinit2.o(.ARM.Collect$$libinit$$0000001B)
    __rt_lib_init_preinit_1                  0x08000163   Thumb Code     0  libinit2.o(.ARM.Collect$$libinit$$00000006)
    __rt_lib_init_rand_1                     0x08000163   Thumb Code     0  libinit2.o(.ARM.Collect$$libinit$$00000010)
    __rt_lib_init_relocate_pie_1             0x08000163   Thumb Code     0  libinit2.o(.ARM.Collect$$libinit$$00000004)
    __rt_lib_init_return                     0x08000163   Thumb Code     0  libinit2.o(.ARM.Collect$$libinit$$00000035)
    __rt_lib_init_signal_1                   0x08000163   Thumb Code     0  libinit2.o(.ARM.Collect$$libinit$$0000001F)
    __rt_lib_init_stdio_1                    0x08000163   Thumb Code     0  libinit2.o(.ARM.Collect$$libinit$$00000027)
    __rt_lib_init_user_alloc_1               0x08000163   Thumb Code     0  libinit2.o(.ARM.Collect$$libinit$$0000000E)
    __rt_lib_shutdown                        0x08000165   Thumb Code     0  libshutdown.o(.ARM.Collect$$libshutdown$$00000000)
    __rt_lib_shutdown_cpp_1                  0x08000167   Thumb Code     0  libshutdown2.o(.ARM.Collect$$libshutdown$$00000002)
    __rt_lib_shutdown_fp_trap_1              0x08000167   Thumb Code     0  libshutdown2.o(.ARM.Collect$$libshutdown$$00000007)
    __rt_lib_shutdown_heap_1                 0x08000167   Thumb Code     0  libshutdown2.o(.ARM.Collect$$libshutdown$$0000000F)
    __rt_lib_shutdown_return                 0x08000167   Thumb Code     0  libshutdown2.o(.ARM.Collect$$libshutdown$$00000010)
    __rt_lib_shutdown_signal_1               0x08000167   Thumb Code     0  libshutdown2.o(.ARM.Collect$$libshutdown$$0000000A)
    __rt_lib_shutdown_stdio_1                0x08000167   Thumb Code     0  libshutdown2.o(.ARM.Collect$$libshutdown$$00000004)
    __rt_lib_shutdown_user_alloc_1           0x08000167   Thumb Code     0  libshutdown2.o(.ARM.Collect$$libshutdown$$0000000C)
    __rt_entry                               0x08000169   Thumb Code     0  __rtentry.o(.ARM.Collect$$rtentry$$00000000)
    __rt_entry_presh_1                       0x08000169   Thumb Code     0  __rtentry2.o(.ARM.Collect$$rtentry$$00000002)
    __rt_entry_sh                            0x08000169   Thumb Code     0  __rtentry4.o(.ARM.Collect$$rtentry$$00000004)
    __rt_entry_li                            0x0800016f   Thumb Code     0  __rtentry2.o(.ARM.Collect$$rtentry$$0000000A)
    __rt_entry_postsh_1                      0x0800016f   Thumb Code     0  __rtentry2.o(.ARM.Collect$$rtentry$$00000009)
    __rt_entry_main                          0x08000173   Thumb Code     0  __rtentry2.o(.ARM.Collect$$rtentry$$0000000D)
    __rt_entry_postli_1                      0x08000173   Thumb Code     0  __rtentry2.o(.ARM.Collect$$rtentry$$0000000C)
    __rt_exit                                0x0800017b   Thumb Code     0  rtexit.o(.ARM.Collect$$rtexit$$00000000)
    __rt_exit_ls                             0x0800017d   Thumb Code     0  rtexit2.o(.ARM.Collect$$rtexit$$00000003)
    __rt_exit_prels_1                        0x0800017d   Thumb Code     0  rtexit2.o(.ARM.Collect$$rtexit$$00000002)
    __rt_exit_exit                           0x08000181   Thumb Code     0  rtexit2.o(.ARM.Collect$$rtexit$$00000004)
    Reset_Handler                            0x08000189   Thumb Code     8  startup_stm32f103xb.o(.text)
    ADC1_2_IRQHandler                        0x080001a3   Thumb Code     0  startup_stm32f103xb.o(.text)
    CAN1_RX1_IRQHandler                      0x080001a3   Thumb Code     0  startup_stm32f103xb.o(.text)
    CAN1_SCE_IRQHandler                      0x080001a3   Thumb Code     0  startup_stm32f103xb.o(.text)
    DMA1_Channel1_IRQHandler                 0x080001a3   Thumb Code     0  startup_stm32f103xb.o(.text)
    DMA1_Channel2_IRQHandler                 0x080001a3   Thumb Code     0  startup_stm32f103xb.o(.text)
    DMA1_Channel3_IRQHandler                 0x080001a3   Thumb Code     0  startup_stm32f103xb.o(.text)
    DMA1_Channel4_IRQHandler                 0x080001a3   Thumb Code     0  startup_stm32f103xb.o(.text)
    DMA1_Channel5_IRQHandler                 0x080001a3   Thumb Code     0  startup_stm32f103xb.o(.text)
    DMA1_Channel6_IRQHandler                 0x080001a3   Thumb Code     0  startup_stm32f103xb.o(.text)
    DMA1_Channel7_IRQHandler                 0x080001a3   Thumb Code     0  startup_stm32f103xb.o(.text)
    EXTI0_IRQHandler                         0x080001a3   Thumb Code     0  startup_stm32f103xb.o(.text)
    EXTI15_10_IRQHandler                     0x080001a3   Thumb Code     0  startup_stm32f103xb.o(.text)
    EXTI1_IRQHandler                         0x080001a3   Thumb Code     0  startup_stm32f103xb.o(.text)
    EXTI2_IRQHandler                         0x080001a3   Thumb Code     0  startup_stm32f103xb.o(.text)
    EXTI3_IRQHandler                         0x080001a3   Thumb Code     0  startup_stm32f103xb.o(.text)
    EXTI4_IRQHandler                         0x080001a3   Thumb Code     0  startup_stm32f103xb.o(.text)
    EXTI9_5_IRQHandler                       0x080001a3   Thumb Code     0  startup_stm32f103xb.o(.text)
    FLASH_IRQHandler                         0x080001a3   Thumb Code     0  startup_stm32f103xb.o(.text)
    I2C1_ER_IRQHandler                       0x080001a3   Thumb Code     0  startup_stm32f103xb.o(.text)
    I2C1_EV_IRQHandler                       0x080001a3   Thumb Code     0  startup_stm32f103xb.o(.text)
    I2C2_ER_IRQHandler                       0x080001a3   Thumb Code     0  startup_stm32f103xb.o(.text)
    I2C2_EV_IRQHandler                       0x080001a3   Thumb Code     0  startup_stm32f103xb.o(.text)
    PVD_IRQHandler                           0x080001a3   Thumb Code     0  startup_stm32f103xb.o(.text)
    RCC_IRQHandler                           0x080001a3   Thumb Code     0  startup_stm32f103xb.o(.text)
    RTC_Alarm_IRQHandler                     0x080001a3   Thumb Code     0  startup_stm32f103xb.o(.text)
    RTC_IRQHandler                           0x080001a3   Thumb Code     0  startup_stm32f103xb.o(.text)
    SPI1_IRQHandler                          0x080001a3   Thumb Code     0  startup_stm32f103xb.o(.text)
    SPI2_IRQHandler                          0x080001a3   Thumb Code     0  startup_stm32f103xb.o(.text)
    TAMPER_IRQHandler                        0x080001a3   Thumb Code     0  startup_stm32f103xb.o(.text)
    TIM1_BRK_IRQHandler                      0x080001a3   Thumb Code     0  startup_stm32f103xb.o(.text)
    TIM1_CC_IRQHandler                       0x080001a3   Thumb Code     0  startup_stm32f103xb.o(.text)
    TIM1_TRG_COM_IRQHandler                  0x080001a3   Thumb Code     0  startup_stm32f103xb.o(.text)
    TIM1_UP_IRQHandler                       0x080001a3   Thumb Code     0  startup_stm32f103xb.o(.text)
    TIM2_IRQHandler                          0x080001a3   Thumb Code     0  startup_stm32f103xb.o(.text)
    TIM3_IRQHandler                          0x080001a3   Thumb Code     0  startup_stm32f103xb.o(.text)
    TIM4_IRQHandler                          0x080001a3   Thumb Code     0  startup_stm32f103xb.o(.text)
    USART1_IRQHandler                        0x080001a3   Thumb Code     0  startup_stm32f103xb.o(.text)
    USART2_IRQHandler                        0x080001a3   Thumb Code     0  startup_stm32f103xb.o(.text)
    USART3_IRQHandler                        0x080001a3   Thumb Code     0  startup_stm32f103xb.o(.text)
    USBWakeUp_IRQHandler                     0x080001a3   Thumb Code     0  startup_stm32f103xb.o(.text)
    USB_HP_CAN1_TX_IRQHandler                0x080001a3   Thumb Code     0  startup_stm32f103xb.o(.text)
    USB_LP_CAN1_RX0_IRQHandler               0x080001a3   Thumb Code     0  startup_stm32f103xb.o(.text)
    WWDG_IRQHandler                          0x080001a3   Thumb Code     0  startup_stm32f103xb.o(.text)
    __user_initial_stackheap                 0x080001a5   Thumb Code     0  startup_stm32f103xb.o(.text)
    rt_hw_interrupt_disable                  0x080001c9   Thumb Code     8  context_rvds.o(.text)
    rt_hw_interrupt_enable                   0x080001d1   Thumb Code     6  context_rvds.o(.text)
    rt_hw_context_switch                     0x080001d7   Thumb Code    32  context_rvds.o(.text)
    rt_hw_context_switch_interrupt           0x080001d7   Thumb Code     0  context_rvds.o(.text)
    PendSV_Handler                           0x080001f7   Thumb Code    60  context_rvds.o(.text)
    rt_hw_context_switch_to                  0x08000233   Thumb Code    56  context_rvds.o(.text)
    rt_hw_interrupt_thread_switch            0x0800026b   Thumb Code     2  context_rvds.o(.text)
    HardFault_Handler                        0x0800026d   Thumb Code    52  context_rvds.o(.text)
    strlen                                   0x080002bd   Thumb Code    62  strlen.o(.text)
    strncmp                                  0x080002fb   Thumb Code   150  strncmp.o(.text)
    __aeabi_memset                           0x08000391   Thumb Code    16  aeabi_memset.o(.text)
    __aeabi_memclr                           0x080003a1   Thumb Code     0  rt_memclr.o(.text)
    __rt_memclr                              0x080003a1   Thumb Code     0  rt_memclr.o(.text)
    _memset                                  0x080003a5   Thumb Code    64  rt_memclr.o(.text)
    strncpy                                  0x080003e5   Thumb Code    86  strncpy.o(.text)
    __use_two_region_memory                  0x0800043b   Thumb Code     2  heapauxi.o(.text)
    __rt_heap_escrow$2region                 0x0800043d   Thumb Code     2  heapauxi.o(.text)
    __rt_heap_expand$2region                 0x0800043f   Thumb Code     2  heapauxi.o(.text)
    __aeabi_memclr4                          0x08000441   Thumb Code     0  rt_memclr_w.o(.text)
    __aeabi_memclr8                          0x08000441   Thumb Code     0  rt_memclr_w.o(.text)
    __rt_memclr_w                            0x08000441   Thumb Code     0  rt_memclr_w.o(.text)
    _memset_w                                0x08000445   Thumb Code    74  rt_memclr_w.o(.text)
    __user_setup_stackheap                   0x0800048f   Thumb Code    74  sys_stackheap_outer.o(.text)
    exit                                     0x080004d9   Thumb Code    18  exit.o(.text)
    __user_libspace                          0x080004ed   Thumb Code     8  libspace.o(.text)
    __user_perproc_libspace                  0x080004ed   Thumb Code     0  libspace.o(.text)
    __user_perthread_libspace                0x080004ed   Thumb Code     0  libspace.o(.text)
    _sys_exit                                0x080004f5   Thumb Code     8  sys_exit.o(.text)
    __I$use$semihosting                      0x08000501   Thumb Code     0  use_no_semi.o(.text)
    __use_no_semihosting_swi                 0x08000501   Thumb Code     2  use_no_semi.o(.text)
    __semihosting_library_function           0x08000503   Thumb Code     0  indicate_semi.o(.text)
    main                                     0x08000505   Thumb Code    84  components.o(.text.$Sub$$main)
    BusFault_Handler                         0x08000559   Thumb Code     2  stm32f1xx_it.o(.text.BusFault_Handler)
    DebugMon_Handler                         0x0800055d   Thumb Code     2  stm32f1xx_it.o(.text.DebugMon_Handler)
    Error_Handler                            0x08000561   Thumb Code    10  main.o(.text.Error_Handler)
    HAL_GPIO_Init                            0x0800056d   Thumb Code   538  stm32f1xx_hal_gpio.o(.text.HAL_GPIO_Init)
    HAL_GPIO_WritePin                        0x08000789   Thumb Code    10  stm32f1xx_hal_gpio.o(.text.HAL_GPIO_WritePin)
    HAL_GetTick                              0x08000795   Thumb Code    12  stm32f1xx_hal.o(.text.HAL_GetTick)
    HAL_Init                                 0x080007a1   Thumb Code    38  stm32f1xx_hal.o(.text.HAL_Init)
    HAL_InitTick                             0x080007c9   Thumb Code    72  stm32f1xx_hal.o(.text.HAL_InitTick)
    HAL_MspInit                              0x08000811   Thumb Code    66  stm32f1xx_hal_msp.o(.text.HAL_MspInit)
    HAL_NVIC_SetPriority                     0x08000855   Thumb Code    86  stm32f1xx_hal_cortex.o(.text.HAL_NVIC_SetPriority)
    HAL_NVIC_SetPriorityGrouping             0x080008ad   Thumb Code    32  stm32f1xx_hal_cortex.o(.text.HAL_NVIC_SetPriorityGrouping)
    HAL_RCC_ClockConfig                      0x080008cd   Thumb Code   446  stm32f1xx_hal_rcc.o(.text.HAL_RCC_ClockConfig)
    HAL_RCC_GetPCLK1Freq                     0x08000a8d   Thumb Code    38  stm32f1xx_hal_rcc.o(.text.HAL_RCC_GetPCLK1Freq)
    HAL_RCC_GetPCLK2Freq                     0x08000ab5   Thumb Code    38  stm32f1xx_hal_rcc.o(.text.HAL_RCC_GetPCLK2Freq)
    HAL_RCC_OscConfig                        0x08000add   Thumb Code   948  stm32f1xx_hal_rcc.o(.text.HAL_RCC_OscConfig)
    HAL_SYSTICK_Config                       0x08000e91   Thumb Code    44  stm32f1xx_hal_cortex.o(.text.HAL_SYSTICK_Config)
    HAL_UART_Init                            0x08000ebd   Thumb Code   226  stm32f1xx_hal_uart.o(.text.HAL_UART_Init)
    HAL_UART_MspInit                         0x08000fa1   Thumb Code   118  usart.o(.text.HAL_UART_MspInit)
    HAL_UART_Transmit                        0x08001019   Thumb Code   632  stm32f1xx_hal_uart.o(.text.HAL_UART_Transmit)
    MX_GPIO_Init                             0x08001291   Thumb Code   164  gpio.o(.text.MX_GPIO_Init)
    MX_USART2_UART_Init                      0x08001335   Thumb Code    60  usart.o(.text.MX_USART2_UART_Init)
    MemManage_Handler                        0x08001371   Thumb Code     2  stm32f1xx_it.o(.text.MemManage_Handler)
    NMI_Handler                              0x08001375   Thumb Code     2  stm32f1xx_it.o(.text.NMI_Handler)
    SVC_Handler                              0x08001379   Thumb Code     2  stm32f1xx_it.o(.text.SVC_Handler)
    SysTick_Handler                          0x0800137d   Thumb Code    18  board.o(.text.SysTick_Handler)
    SystemClock_Config                       0x08001391   Thumb Code   100  main.o(.text.SystemClock_Config)
    SystemCoreClockUpdate                    0x080013f5   Thumb Code   112  system_stm32f1xx.o(.text.SystemCoreClockUpdate)
    SystemInit                               0x08001465   Thumb Code     2  system_stm32f1xx.o(.text.SystemInit)
    UsageFault_Handler                       0x08001469   Thumb Code     2  stm32f1xx_it.o(.text.UsageFault_Handler)
    __rt_ffs                                 0x0800146d   Thumb Code    56  kservice.o(.text.__rt_ffs)
    cmd_free                                 0x080014a5   Thumb Code    10  msh.o(.text.cmd_free)
    cmd_ps                                   0x080014b1   Thumb Code    10  msh.o(.text.cmd_ps)
    finsh_system_init                        0x080014bd   Thumb Code   136  shell.o(.text.finsh_system_init)
    finsh_thread_entry                       0x0800156d   Thumb Code  1168  shell.o(.text.finsh_thread_entry)
    hello                                    0x08001a15   Thumb Code    12  cmd.o(.text.hello)
    list                                     0x08001a35   Thumb Code    96  cmd.o(.text.list)
    list_mailbox                             0x08001abd   Thumb Code   536  cmd.o(.text.list_mailbox)
    list_mem                                 0x08001d4d   Thumb Code    40  mem.o(.text.list_mem)
    list_sem                                 0x08001dbd   Thumb Code   528  cmd.o(.text.list_sem)
    list_thread                              0x0800202d   Thumb Code   476  cmd.o(.text.list_thread)
    list_timer                               0x08002299   Thumb Code  1212  cmd.o(.text.list_timer)
    $Super$$main                             0x080027c1   Thumb Code   128  main.o(.text.main)
    main_thread_entry                        0x08002841   Thumb Code    50  components.o(.text.main_thread_entry)
    motor                                    0x08002875   Thumb Code   478  motor.o(.text.motor)
    msh_auto_complete                        0x08002a55   Thumb Code   384  msh.o(.text.msh_auto_complete)
    msh_exec                                 0x08002bd9   Thumb Code   988  msh.o(.text.msh_exec)
    msh_help                                 0x08002ff1   Thumb Code   124  msh.o(.text.msh_help)
    msh_is_used                              0x0800306d   Thumb Code     4  msh.o(.text.msh_is_used)
    rt_calloc                                0x08003579   Thumb Code    30  mem.o(.text.rt_calloc)
    rt_components_board_init                 0x08003599   Thumb Code    44  components.o(.text.rt_components_board_init)
    rt_enter_critical                        0x080035c5   Thumb Code    28  scheduler.o(.text.rt_enter_critical)
    rt_exit_critical                         0x080035e1   Thumb Code   150  scheduler.o(.text.rt_exit_critical)
    rt_free                                  0x08003679   Thumb Code   216  mem.o(.text.rt_free)
    rt_heap_begin_get                        0x0800379d   Thumb Code    10  board.o(.text.rt_heap_begin_get)
    rt_heap_end_get                          0x080037a9   Thumb Code    14  board.o(.text.rt_heap_end_get)
    rt_hw_board_init                         0x080037b9   Thumb Code   156  board.o(.text.rt_hw_board_init)
    rt_hw_console_getchar                    0x08003855   Thumb Code    64  main.o(.text.rt_hw_console_getchar)
    rt_hw_console_output                     0x08003895   Thumb Code    96  main.o(.text.rt_hw_console_output)
    rt_hw_hard_fault_exception               0x080038f5   Thumb Code   900  cpuport.o(.text.rt_hw_hard_fault_exception)
    rt_hw_stack_init                         0x08003d21   Thumb Code    60  cpuport.o(.text.rt_hw_stack_init)
    rt_interrupt_enter                       0x08003d5d   Thumb Code    28  irq.o(.text.rt_interrupt_enter)
    rt_interrupt_leave                       0x08003d79   Thumb Code    28  irq.o(.text.rt_interrupt_leave)
    rt_kprintf                               0x08003d95   Thumb Code    50  kservice.o(.text.rt_kprintf)
    rt_malloc                                0x08003dc9   Thumb Code   394  mem.o(.text.rt_malloc)
    rt_memmove                               0x08003f55   Thumb Code   236  kservice.o(.text.rt_memmove)
    rt_memset                                0x08004041   Thumb Code   246  kservice.o(.text.rt_memset)
    rt_object_allocate                       0x08004139   Thumb Code   122  object.o(.text.rt_object_allocate)
    rt_object_delete                         0x080041b5   Thumb Code    44  object.o(.text.rt_object_delete)
    rt_object_detach                         0x080041e1   Thumb Code    36  object.o(.text.rt_object_detach)
    rt_object_get_information                0x08004205   Thumb Code    52  object.o(.text.rt_object_get_information)
    rt_object_init                           0x08004239   Thumb Code   138  object.o(.text.rt_object_init)
    rt_object_is_systemobject                0x080042c5   Thumb Code     6  object.o(.text.rt_object_is_systemobject)
    rt_schedule                              0x080042cd   Thumb Code   114  scheduler.o(.text.rt_schedule)
    rt_schedule_insert_thread                0x08004341   Thumb Code    82  scheduler.o(.text.rt_schedule_insert_thread)
    rt_schedule_remove_thread                0x08004395   Thumb Code    86  scheduler.o(.text.rt_schedule_remove_thread)
    rt_sem_init                              0x080043ed   Thumb Code    32  ipc.o(.text.rt_sem_init)
    rt_sem_release                           0x0800440d   Thumb Code    82  ipc.o(.text.rt_sem_release)
    rt_sem_take                              0x08004461   Thumb Code   240  ipc.o(.text.rt_sem_take)
    rt_show_version                          0x08004551   Thumb Code    48  kservice.o(.text.rt_show_version)
    rt_strlen                                0x08004609   Thumb Code    46  kservice.o(.text.rt_strlen)
    rt_strncpy                               0x08004639   Thumb Code   134  kservice.o(.text.rt_strncpy)
    rt_system_heap_init                      0x080046c1   Thumb Code   120  mem.o(.text.rt_system_heap_init)
    rt_system_scheduler_init                 0x0800477d   Thumb Code   298  scheduler.o(.text.rt_system_scheduler_init)
    rt_system_scheduler_start                0x080048a9   Thumb Code    48  scheduler.o(.text.rt_system_scheduler_start)
    rt_system_timer_init                     0x080048d9   Thumb Code    16  timer.o(.text.rt_system_timer_init)
    rt_system_timer_thread_init              0x080048e9   Thumb Code     2  timer.o(.text.rt_system_timer_thread_init)
    rt_thread_create                         0x080048ed   Thumb Code   176  thread.o(.text.rt_thread_create)
    rt_thread_exit                           0x0800499d   Thumb Code   122  thread.o(.text.rt_thread_exit)
    rt_thread_idle_init                      0x08004a59   Thumb Code    72  idle.o(.text.rt_thread_idle_init)
    rt_thread_init                           0x08004aa9   Thumb Code   142  thread.o(.text.rt_thread_init)
    rt_thread_mdelay                         0x08004b39   Thumb Code    14  thread.o(.text.rt_thread_mdelay)
    rt_thread_resume                         0x08004b49   Thumb Code    70  thread.o(.text.rt_thread_resume)
    rt_thread_self                           0x08004b91   Thumb Code    12  thread.o(.text.rt_thread_self)
    rt_thread_sleep                          0x08004b9d   Thumb Code   120  thread.o(.text.rt_thread_sleep)
    rt_thread_startup                        0x08004c15   Thumb Code    92  thread.o(.text.rt_thread_startup)
    rt_thread_suspend                        0x08004c71   Thumb Code    66  thread.o(.text.rt_thread_suspend)
    rt_thread_timeout                        0x08004cb5   Thumb Code    40  thread.o(.text.rt_thread_timeout)
    rt_thread_yield                          0x08004cdd   Thumb Code   100  thread.o(.text.rt_thread_yield)
    rt_tick_from_millisecond                 0x08004d41   Thumb Code    52  clock.o(.text.rt_tick_from_millisecond)
    rt_tick_get                              0x08004d75   Thumb Code    12  clock.o(.text.rt_tick_get)
    rt_tick_increase                         0x08004d81   Thumb Code    52  clock.o(.text.rt_tick_increase)
    rt_timer_check                           0x08004db5   Thumb Code   392  timer.o(.text.rt_timer_check)
    rt_timer_control                         0x08004f3d   Thumb Code   104  timer.o(.text.rt_timer_control)
    rt_timer_detach                          0x08004fa5   Thumb Code    48  timer.o(.text.rt_timer_detach)
    rt_timer_init                            0x08004fd5   Thumb Code    50  timer.o(.text.rt_timer_init)
    rt_timer_start                           0x08005009   Thumb Code   210  timer.o(.text.rt_timer_start)
    rt_timer_stop                            0x080050dd   Thumb Code    56  timer.o(.text.rt_timer_stop)
    rt_vsnprintf                             0x08005115   Thumb Code  2028  kservice.o(.text.rt_vsnprintf)
    version                                  0x08005955   Thumb Code    10  cmd.o(.text.version)
    __aeabi_d2f                              0x08005961   Thumb Code     0  d2f.o(x$fpl$d2f)
    _d2f                                     0x08005961   Thumb Code    98  d2f.o(x$fpl$d2f)
    __aeabi_ddiv                             0x080059c5   Thumb Code     0  ddiv.o(x$fpl$ddiv)
    _ddiv                                    0x080059c5   Thumb Code   556  ddiv.o(x$fpl$ddiv)
    __aeabi_dmul                             0x08005c79   Thumb Code     0  dmul.o(x$fpl$dmul)
    _dmul                                    0x08005c79   Thumb Code   332  dmul.o(x$fpl$dmul)
    __fpl_dnaninf                            0x08005dcd   Thumb Code   156  dnaninf.o(x$fpl$dnaninf)
    __fpl_dretinf                            0x08005e69   Thumb Code    12  dretinf.o(x$fpl$dretinf)
    __aeabi_f2d                              0x08005e75   Thumb Code     0  f2d.o(x$fpl$f2d)
    _f2d                                     0x08005e75   Thumb Code    86  f2d.o(x$fpl$f2d)
    __aeabi_f2iz                             0x08005ecd   Thumb Code     0  ffix.o(x$fpl$ffix)
    _ffix                                    0x08005ecd   Thumb Code    54  ffix.o(x$fpl$ffix)
    __fpl_fnaninf                            0x08005f03   Thumb Code   140  fnaninf.o(x$fpl$fnaninf)
    __fpl_fretinf                            0x08005f8f   Thumb Code    10  fretinf.o(x$fpl$fretinf)
    AHBPrescTable                            0x08005f98   Data          16  system_stm32f1xx.o(.rodata.AHBPrescTable)
    __I$use$fp                               0x08005f98   Number         0  usenofp.o(x$fpl$usenofp)
    APBPrescTable                            0x08005fa8   Data           8  system_stm32f1xx.o(.rodata.APBPrescTable)
    __lowest_bit_bitmap                      0x08005fb2   Data         256  kservice.o(.rodata.__lowest_bit_bitmap)
    __fsym_hello_name                        0x080060c2   Data           6  cmd.o(.rodata.name)
    __fsym_hello_desc                        0x080060c8   Data          16  cmd.o(.rodata.name)
    __fsym_version_name                      0x080060d8   Data           8  cmd.o(.rodata.name)
    __fsym_version_desc                      0x080060e0   Data          35  cmd.o(.rodata.name)
    __fsym___cmd_version_name                0x08006103   Data          14  cmd.o(.rodata.name)
    __fsym___cmd_version_desc                0x08006111   Data          35  cmd.o(.rodata.name)
    __fsym_list_thread_name                  0x08006134   Data          12  cmd.o(.rodata.name)
    __fsym_list_thread_desc                  0x08006140   Data          12  cmd.o(.rodata.name)
    __fsym___cmd_list_thread_name            0x0800614c   Data          18  cmd.o(.rodata.name)
    __fsym___cmd_list_thread_desc            0x0800615e   Data          12  cmd.o(.rodata.name)
    __fsym_list_sem_name                     0x0800616a   Data           9  cmd.o(.rodata.name)
    __fsym_list_sem_desc                     0x08006173   Data          25  cmd.o(.rodata.name)
    __fsym___cmd_list_sem_name               0x0800618c   Data          15  cmd.o(.rodata.name)
    __fsym___cmd_list_sem_desc               0x0800619b   Data          25  cmd.o(.rodata.name)
    __fsym_list_mailbox_name                 0x080061b4   Data          13  cmd.o(.rodata.name)
    __fsym_list_mailbox_desc                 0x080061c1   Data          24  cmd.o(.rodata.name)
    __fsym___cmd_list_mailbox_name           0x080061d9   Data          19  cmd.o(.rodata.name)
    __fsym___cmd_list_mailbox_desc           0x080061ec   Data          24  cmd.o(.rodata.name)
    __fsym_list_timer_name                   0x08006204   Data          11  cmd.o(.rodata.name)
    __fsym_list_timer_desc                   0x0800620f   Data          21  cmd.o(.rodata.name)
    __fsym___cmd_list_timer_name             0x08006224   Data          17  cmd.o(.rodata.name)
    __fsym___cmd_list_timer_desc             0x08006235   Data          21  cmd.o(.rodata.name)
    __fsym_list_name                         0x0800624a   Data           5  cmd.o(.rodata.name)
    __fsym_list_desc                         0x0800624f   Data          26  cmd.o(.rodata.name)
    __fsym___cmd_help_name                   0x08006269   Data          11  msh.o(.rodata.name)
    __fsym___cmd_help_desc                   0x08006274   Data          22  msh.o(.rodata.name)
    __fsym___cmd_ps_name                     0x0800628a   Data           9  msh.o(.rodata.name)
    __fsym___cmd_ps_desc                     0x08006293   Data          28  msh.o(.rodata.name)
    __fsym___cmd_free_name                   0x080062af   Data          11  msh.o(.rodata.name)
    __fsym___cmd_free_desc                   0x080062ba   Data          37  msh.o(.rodata.name)
    __fsym_list_mem_name                     0x080062df   Data           9  mem.o(.rodata.name)
    __fsym_list_mem_desc                     0x080062e8   Data          30  mem.o(.rodata.name)
    __rt_init_rti_start                      0x08006588   Data           4  components.o(.rti_fn.0)
    __rt_init_rti_board_start                0x0800658c   Data           4  components.o(.rti_fn.0.end)
    __rt_init_uart_init                      0x08006590   Data           4  board.o(.rti_fn.1)
    __rt_init_rti_board_end                  0x08006594   Data           4  components.o(.rti_fn.1.end)
    __rt_init_finsh_system_init              0x08006598   Data           4  shell.o(.rti_fn.6)
    __rt_init_rti_end                        0x0800659c   Data           4  components.o(.rti_fn.6.end)
    FSymTab$$Base                            0x080065a0   Number         0  cmd.o(FSymTab)
    __fsym_hello                             0x080065a0   Data          12  cmd.o(FSymTab)
    __fsym_version                           0x080065ac   Data          12  cmd.o(FSymTab)
    __fsym___cmd_version                     0x080065b8   Data          12  cmd.o(FSymTab)
    __fsym_list_thread                       0x080065c4   Data          12  cmd.o(FSymTab)
    __fsym___cmd_list_thread                 0x080065d0   Data          12  cmd.o(FSymTab)
    __fsym_list_sem                          0x080065dc   Data          12  cmd.o(FSymTab)
    __fsym___cmd_list_sem                    0x080065e8   Data          12  cmd.o(FSymTab)
    __fsym_list_mailbox                      0x080065f4   Data          12  cmd.o(FSymTab)
    __fsym___cmd_list_mailbox                0x08006600   Data          12  cmd.o(FSymTab)
    __fsym_list_timer                        0x0800660c   Data          12  cmd.o(FSymTab)
    __fsym___cmd_list_timer                  0x08006618   Data          12  cmd.o(FSymTab)
    __fsym_list                              0x08006624   Data          12  cmd.o(FSymTab)
    __fsym___cmd_help                        0x08006630   Data          12  msh.o(FSymTab)
    __fsym___cmd_ps                          0x0800663c   Data          12  msh.o(FSymTab)
    __fsym___cmd_free                        0x08006648   Data          12  msh.o(FSymTab)
    __fsym_list_mem                          0x08006654   Data          12  mem.o(FSymTab)
    FSymTab$$Limit                           0x08006660   Number         0  mem.o(FSymTab)
    Region$$Table$$Base                      0x08006660   Number         0  anon$$obj.o(Region$$Table)
    Region$$Table$$Limit                     0x08006680   Number         0  anon$$obj.o(Region$$Table)
    uwTickFreq                               0x20000000   Data           1  stm32f1xx_hal.o(.data..L_MergedGlobals)
    uwTickPrio                               0x20000004   Data           4  stm32f1xx_hal.o(.data..L_MergedGlobals)
    SystemCoreClock                          0x20000008   Data           4  system_stm32f1xx.o(.data.SystemCoreClock)
    round_num                                0x2000000c   Data           4  motor.o(.data.round_num)
    __libspace_start                         0x20000050   Data          96  libspace.o(.bss)
    __temporary_stack_top$libspace           0x200000b0   Data           0  libspace.o(.bss)
    _syscall_table_begin                     0x200000b0   Data           4  shell.o(.bss..L_MergedGlobals)
    _syscall_table_end                       0x200000b4   Data           4  shell.o(.bss..L_MergedGlobals)
    _sysvar_table_begin                      0x200000b8   Data           4  shell.o(.bss..L_MergedGlobals)
    _sysvar_table_end                        0x200000bc   Data           4  shell.o(.bss..L_MergedGlobals)
    shell                                    0x200000c4   Data           4  shell.o(.bss..L_MergedGlobals)
    rt_current_priority                      0x20000100   Data           1  scheduler.o(.bss..L_MergedGlobals)
    rt_current_thread                        0x20000104   Data           4  scheduler.o(.bss..L_MergedGlobals)
    rt_thread_ready_priority_group           0x20000108   Data           4  scheduler.o(.bss..L_MergedGlobals)
    rt_thread_defunct                        0x2000010c   Data           8  scheduler.o(.bss..L_MergedGlobals)
    huart2                                   0x20000224   Data          72  usart.o(.bss.huart2)
    rt_interrupt_from_thread                 0x20003eec   Data           4  cpuport.o(.bss.rt_interrupt_from_thread)
    rt_interrupt_nest                        0x20003ef0   Data           1  irq.o(.bss.rt_interrupt_nest)
    rt_interrupt_to_thread                   0x20003ef4   Data           4  cpuport.o(.bss.rt_interrupt_to_thread)
    rt_thread_priority_table                 0x20003ff8   Data         256  scheduler.o(.bss.rt_thread_priority_table)
    rt_thread_switch_interrupt_flag          0x200041f8   Data           4  cpuport.o(.bss.rt_thread_switch_interrupt_flag)
    uwTick                                   0x20004200   Data           4  stm32f1xx_hal.o(.bss.uwTick)



==============================================================================

Memory Map of the image

  Image Entry point : 0x080000ed

  Load Region LR_IROM1 (Base: 0x08000000, Size: 0x000066d0, Max: 0x00010000, ABSOLUTE)

    Execution Region ER_IROM1 (Exec base: 0x08000000, Load base: 0x08000000, Size: 0x00006680, Max: 0x00010000, ABSOLUTE)

    Exec Addr    Load Addr    Size         Type   Attr      Idx    E Section Name        Object

    0x08000000   0x08000000   0x000000ec   Data   RO            3    RESET               startup_stm32f103xb.o
    0x080000ec   0x080000ec   0x00000008   Code   RO         1106  * !!!main             c_w.l(__main.o)
    0x080000f4   0x080000f4   0x00000034   Code   RO         1296    !!!scatter          c_w.l(__scatter.o)
    0x08000128   0x08000128   0x0000001a   Code   RO         1298    !!handler_copy      c_w.l(__scatter_copy.o)
    0x08000142   0x08000142   0x00000002   PAD
    0x08000144   0x08000144   0x0000001c   Code   RO         1300    !!handler_zi        c_w.l(__scatter_zi.o)
    0x08000160   0x08000160   0x00000002   Code   RO         1158    .ARM.Collect$$libinit$$00000000  c_w.l(libinit.o)
    0x08000162   0x08000162   0x00000000   Code   RO         1165    .ARM.Collect$$libinit$$00000002  c_w.l(libinit2.o)
    0x08000162   0x08000162   0x00000000   Code   RO         1167    .ARM.Collect$$libinit$$00000004  c_w.l(libinit2.o)
    0x08000162   0x08000162   0x00000000   Code   RO         1169    .ARM.Collect$$libinit$$00000006  c_w.l(libinit2.o)
    0x08000162   0x08000162   0x00000000   Code   RO         1172    .ARM.Collect$$libinit$$0000000C  c_w.l(libinit2.o)
    0x08000162   0x08000162   0x00000000   Code   RO         1174    .ARM.Collect$$libinit$$0000000E  c_w.l(libinit2.o)
    0x08000162   0x08000162   0x00000000   Code   RO         1176    .ARM.Collect$$libinit$$00000010  c_w.l(libinit2.o)
    0x08000162   0x08000162   0x00000000   Code   RO         1179    .ARM.Collect$$libinit$$00000013  c_w.l(libinit2.o)
    0x08000162   0x08000162   0x00000000   Code   RO         1181    .ARM.Collect$$libinit$$00000015  c_w.l(libinit2.o)
    0x08000162   0x08000162   0x00000000   Code   RO         1183    .ARM.Collect$$libinit$$00000017  c_w.l(libinit2.o)
    0x08000162   0x08000162   0x00000000   Code   RO         1185    .ARM.Collect$$libinit$$00000019  c_w.l(libinit2.o)
    0x08000162   0x08000162   0x00000000   Code   RO         1187    .ARM.Collect$$libinit$$0000001B  c_w.l(libinit2.o)
    0x08000162   0x08000162   0x00000000   Code   RO         1189    .ARM.Collect$$libinit$$0000001D  c_w.l(libinit2.o)
    0x08000162   0x08000162   0x00000000   Code   RO         1191    .ARM.Collect$$libinit$$0000001F  c_w.l(libinit2.o)
    0x08000162   0x08000162   0x00000000   Code   RO         1193    .ARM.Collect$$libinit$$00000021  c_w.l(libinit2.o)
    0x08000162   0x08000162   0x00000000   Code   RO         1195    .ARM.Collect$$libinit$$00000023  c_w.l(libinit2.o)
    0x08000162   0x08000162   0x00000000   Code   RO         1197    .ARM.Collect$$libinit$$00000025  c_w.l(libinit2.o)
    0x08000162   0x08000162   0x00000000   Code   RO         1199    .ARM.Collect$$libinit$$00000027  c_w.l(libinit2.o)
    0x08000162   0x08000162   0x00000000   Code   RO         1203    .ARM.Collect$$libinit$$0000002E  c_w.l(libinit2.o)
    0x08000162   0x08000162   0x00000000   Code   RO         1205    .ARM.Collect$$libinit$$00000030  c_w.l(libinit2.o)
    0x08000162   0x08000162   0x00000000   Code   RO         1207    .ARM.Collect$$libinit$$00000032  c_w.l(libinit2.o)
    0x08000162   0x08000162   0x00000000   Code   RO         1209    .ARM.Collect$$libinit$$00000034  c_w.l(libinit2.o)
    0x08000162   0x08000162   0x00000002   Code   RO         1210    .ARM.Collect$$libinit$$00000035  c_w.l(libinit2.o)
    0x08000164   0x08000164   0x00000002   Code   RO         1232    .ARM.Collect$$libshutdown$$00000000  c_w.l(libshutdown.o)
    0x08000166   0x08000166   0x00000000   Code   RO         1247    .ARM.Collect$$libshutdown$$00000002  c_w.l(libshutdown2.o)
    0x08000166   0x08000166   0x00000000   Code   RO         1249    .ARM.Collect$$libshutdown$$00000004  c_w.l(libshutdown2.o)
    0x08000166   0x08000166   0x00000000   Code   RO         1252    .ARM.Collect$$libshutdown$$00000007  c_w.l(libshutdown2.o)
    0x08000166   0x08000166   0x00000000   Code   RO         1255    .ARM.Collect$$libshutdown$$0000000A  c_w.l(libshutdown2.o)
    0x08000166   0x08000166   0x00000000   Code   RO         1257    .ARM.Collect$$libshutdown$$0000000C  c_w.l(libshutdown2.o)
    0x08000166   0x08000166   0x00000000   Code   RO         1260    .ARM.Collect$$libshutdown$$0000000F  c_w.l(libshutdown2.o)
    0x08000166   0x08000166   0x00000002   Code   RO         1261    .ARM.Collect$$libshutdown$$00000010  c_w.l(libshutdown2.o)
    0x08000168   0x08000168   0x00000000   Code   RO         1122    .ARM.Collect$$rtentry$$00000000  c_w.l(__rtentry.o)
    0x08000168   0x08000168   0x00000000   Code   RO         1135    .ARM.Collect$$rtentry$$00000002  c_w.l(__rtentry2.o)
    0x08000168   0x08000168   0x00000006   Code   RO         1147    .ARM.Collect$$rtentry$$00000004  c_w.l(__rtentry4.o)
    0x0800016e   0x0800016e   0x00000000   Code   RO         1137    .ARM.Collect$$rtentry$$00000009  c_w.l(__rtentry2.o)
    0x0800016e   0x0800016e   0x00000004   Code   RO         1138    .ARM.Collect$$rtentry$$0000000A  c_w.l(__rtentry2.o)
    0x08000172   0x08000172   0x00000000   Code   RO         1140    .ARM.Collect$$rtentry$$0000000C  c_w.l(__rtentry2.o)
    0x08000172   0x08000172   0x00000008   Code   RO         1141    .ARM.Collect$$rtentry$$0000000D  c_w.l(__rtentry2.o)
    0x0800017a   0x0800017a   0x00000002   Code   RO         1162    .ARM.Collect$$rtexit$$00000000  c_w.l(rtexit.o)
    0x0800017c   0x0800017c   0x00000000   Code   RO         1212    .ARM.Collect$$rtexit$$00000002  c_w.l(rtexit2.o)
    0x0800017c   0x0800017c   0x00000004   Code   RO         1213    .ARM.Collect$$rtexit$$00000003  c_w.l(rtexit2.o)
    0x08000180   0x08000180   0x00000006   Code   RO         1214    .ARM.Collect$$rtexit$$00000004  c_w.l(rtexit2.o)
    0x08000186   0x08000186   0x00000002   PAD
    0x08000188   0x08000188   0x00000040   Code   RO            4    .text               startup_stm32f103xb.o
    0x080001c8   0x080001c8   0x000000f4   Code   RO          688    .text               context_rvds.o
    0x080002bc   0x080002bc   0x0000003e   Code   RO         1094    .text               c_w.l(strlen.o)
    0x080002fa   0x080002fa   0x00000096   Code   RO         1096    .text               c_w.l(strncmp.o)
    0x08000390   0x08000390   0x00000010   Code   RO         1098    .text               c_w.l(aeabi_memset.o)
    0x080003a0   0x080003a0   0x00000044   Code   RO         1100    .text               c_w.l(rt_memclr.o)
    0x080003e4   0x080003e4   0x00000056   Code   RO         1102    .text               c_w.l(strncpy.o)
    0x0800043a   0x0800043a   0x00000006   Code   RO         1104    .text               c_w.l(heapauxi.o)
    0x08000440   0x08000440   0x0000004e   Code   RO         1123    .text               c_w.l(rt_memclr_w.o)
    0x0800048e   0x0800048e   0x0000004a   Code   RO         1149    .text               c_w.l(sys_stackheap_outer.o)
    0x080004d8   0x080004d8   0x00000012   Code   RO         1151    .text               c_w.l(exit.o)
    0x080004ea   0x080004ea   0x00000002   PAD
    0x080004ec   0x080004ec   0x00000008   Code   RO         1159    .text               c_w.l(libspace.o)
    0x080004f4   0x080004f4   0x0000000c   Code   RO         1222    .text               c_w.l(sys_exit.o)
    0x08000500   0x08000500   0x00000002   Code   RO         1237    .text               c_w.l(use_no_semi.o)
    0x08000502   0x08000502   0x00000000   Code   RO         1239    .text               c_w.l(indicate_semi.o)
    0x08000502   0x08000502   0x00000002   PAD
    0x08000504   0x08000504   0x00000054   Code   RO          747    .text.$Sub$$main    components.o
    0x08000558   0x08000558   0x00000002   Code   RO           58    .text.BusFault_Handler  stm32f1xx_it.o
    0x0800055a   0x0800055a   0x00000002   PAD
    0x0800055c   0x0800055c   0x00000002   Code   RO           64    .text.DebugMon_Handler  stm32f1xx_it.o
    0x0800055e   0x0800055e   0x00000002   PAD
    0x08000560   0x08000560   0x0000000a   Code   RO           15    .text.Error_Handler  main.o
    0x0800056a   0x0800056a   0x00000002   PAD
    0x0800056c   0x0800056c   0x0000021a   Code   RO          330    .text.HAL_GPIO_Init  stm32f1xx_hal_gpio.o
    0x08000786   0x08000786   0x00000002   PAD
    0x08000788   0x08000788   0x0000000a   Code   RO          336    .text.HAL_GPIO_WritePin  stm32f1xx_hal_gpio.o
    0x08000792   0x08000792   0x00000002   PAD
    0x08000794   0x08000794   0x0000000c   Code   RO          230    .text.HAL_GetTick   stm32f1xx_hal.o
    0x080007a0   0x080007a0   0x00000026   Code   RO          218    .text.HAL_Init      stm32f1xx_hal.o
    0x080007c6   0x080007c6   0x00000002   PAD
    0x080007c8   0x080007c8   0x00000048   Code   RO          220    .text.HAL_InitTick  stm32f1xx_hal.o
    0x08000810   0x08000810   0x00000042   Code   RO           73    .text.HAL_MspInit   stm32f1xx_hal_msp.o
    0x08000852   0x08000852   0x00000002   PAD
    0x08000854   0x08000854   0x00000056   Code   RO          388    .text.HAL_NVIC_SetPriority  stm32f1xx_hal_cortex.o
    0x080008aa   0x080008aa   0x00000002   PAD
    0x080008ac   0x080008ac   0x00000020   Code   RO          386    .text.HAL_NVIC_SetPriorityGrouping  stm32f1xx_hal_cortex.o
    0x080008cc   0x080008cc   0x000001be   Code   RO          282    .text.HAL_RCC_ClockConfig  stm32f1xx_hal_rcc.o
    0x08000a8a   0x08000a8a   0x00000002   PAD
    0x08000a8c   0x08000a8c   0x00000026   Code   RO          294    .text.HAL_RCC_GetPCLK1Freq  stm32f1xx_hal_rcc.o
    0x08000ab2   0x08000ab2   0x00000002   PAD
    0x08000ab4   0x08000ab4   0x00000026   Code   RO          296    .text.HAL_RCC_GetPCLK2Freq  stm32f1xx_hal_rcc.o
    0x08000ada   0x08000ada   0x00000002   PAD
    0x08000adc   0x08000adc   0x000003b4   Code   RO          280    .text.HAL_RCC_OscConfig  stm32f1xx_hal_rcc.o
    0x08000e90   0x08000e90   0x0000002c   Code   RO          398    .text.HAL_SYSTICK_Config  stm32f1xx_hal_cortex.o
    0x08000ebc   0x08000ebc   0x000000e2   Code   RO           98    .text.HAL_UART_Init  stm32f1xx_hal_uart.o
    0x08000f9e   0x08000f9e   0x00000002   PAD
    0x08000fa0   0x08000fa0   0x00000076   Code   RO           41    .text.HAL_UART_MspInit  usart.o
    0x08001016   0x08001016   0x00000002   PAD
    0x08001018   0x08001018   0x00000278   Code   RO          112    .text.HAL_UART_Transmit  stm32f1xx_hal_uart.o
    0x08001290   0x08001290   0x000000a4   Code   RO           30    .text.MX_GPIO_Init  gpio.o
    0x08001334   0x08001334   0x0000003c   Code   RO           39    .text.MX_USART2_UART_Init  usart.o
    0x08001370   0x08001370   0x00000002   Code   RO           56    .text.MemManage_Handler  stm32f1xx_it.o
    0x08001372   0x08001372   0x00000002   PAD
    0x08001374   0x08001374   0x00000002   Code   RO           54    .text.NMI_Handler   stm32f1xx_it.o
    0x08001376   0x08001376   0x00000002   PAD
    0x08001378   0x08001378   0x00000002   Code   RO           62    .text.SVC_Handler   stm32f1xx_it.o
    0x0800137a   0x0800137a   0x00000002   PAD
    0x0800137c   0x0800137c   0x00000012   Code   RO         1072    .text.SysTick_Handler  board.o
    0x0800138e   0x0800138e   0x00000002   PAD
    0x08001390   0x08001390   0x00000064   Code   RO           13    .text.SystemClock_Config  main.o
    0x080013f4   0x080013f4   0x00000070   Code   RO          553    .text.SystemCoreClockUpdate  system_stm32f1xx.o
    0x08001464   0x08001464   0x00000002   Code   RO          551    .text.SystemInit    system_stm32f1xx.o
    0x08001466   0x08001466   0x00000002   PAD
    0x08001468   0x08001468   0x00000002   Code   RO           60    .text.UsageFault_Handler  stm32f1xx_it.o
    0x0800146a   0x0800146a   0x00000002   PAD
    0x0800146c   0x0800146c   0x00000038   Code   RO          893    .text.__rt_ffs      kservice.o
    0x080014a4   0x080014a4   0x0000000a   Code   RO          638    .text.cmd_free      msh.o
    0x080014ae   0x080014ae   0x00000002   PAD
    0x080014b0   0x080014b0   0x0000000a   Code   RO          636    .text.cmd_ps        msh.o
    0x080014ba   0x080014ba   0x00000002   PAD
    0x080014bc   0x080014bc   0x000000b0   Code   RO          675    .text.finsh_system_init  shell.o
    0x0800156c   0x0800156c   0x000004a8   Code   RO          669    .text.finsh_thread_entry  shell.o
    0x08001a14   0x08001a14   0x00000020   Code   RO          596    .text.hello         cmd.o
    0x08001a34   0x08001a34   0x00000088   Code   RO          608    .text.list          cmd.o
    0x08001abc   0x08001abc   0x00000290   Code   RO          604    .text.list_mailbox  cmd.o
    0x08001d4c   0x08001d4c   0x00000070   Code   RO          918    .text.list_mem      mem.o
    0x08001dbc   0x08001dbc   0x00000270   Code   RO          602    .text.list_sem      cmd.o
    0x0800202c   0x0800202c   0x0000026c   Code   RO          600    .text.list_thread   cmd.o
    0x08002298   0x08002298   0x00000528   Code   RO          606    .text.list_timer    cmd.o
    0x080027c0   0x080027c0   0x00000080   Code   RO           11    .text.main          main.o
    0x08002840   0x08002840   0x00000032   Code   RO          751    .text.main_thread_entry  components.o
    0x08002872   0x08002872   0x00000002   PAD
    0x08002874   0x08002874   0x000001de   Code   RO          570    .text.motor         motor.o
    0x08002a52   0x08002a52   0x00000002   PAD
    0x08002a54   0x08002a54   0x00000184   Code   RO          642    .text.msh_auto_complete  msh.o
    0x08002bd8   0x08002bd8   0x00000418   Code   RO          640    .text.msh_exec      msh.o
    0x08002ff0   0x08002ff0   0x0000007c   Code   RO          634    .text.msh_help      msh.o
    0x0800306c   0x0800306c   0x00000004   Code   RO          632    .text.msh_is_used   msh.o
    0x08003070   0x08003070   0x00000508   Code   RO          877    .text.print_number  kservice.o
    0x08003578   0x08003578   0x0000001e   Code   RO          914    .text.rt_calloc     mem.o
    0x08003596   0x08003596   0x00000002   PAD
    0x08003598   0x08003598   0x0000002c   Code   RO          743    .text.rt_components_board_init  components.o
    0x080035c4   0x080035c4   0x0000001c   Code   RO          973    .text.rt_enter_critical  scheduler.o
    0x080035e0   0x080035e0   0x00000096   Code   RO          975    .text.rt_exit_critical  scheduler.o
    0x08003676   0x08003676   0x00000002   PAD
    0x08003678   0x08003678   0x00000124   Code   RO          912    .text.rt_free       mem.o
    0x0800379c   0x0800379c   0x0000000a   Code   RO         1062    .text.rt_heap_begin_get  board.o
    0x080037a6   0x080037a6   0x00000002   PAD
    0x080037a8   0x080037a8   0x0000000e   Code   RO         1064    .text.rt_heap_end_get  board.o
    0x080037b6   0x080037b6   0x00000002   PAD
    0x080037b8   0x080037b8   0x0000009c   Code   RO         1068    .text.rt_hw_board_init  board.o
    0x08003854   0x08003854   0x00000040   Code   RO           19    .text.rt_hw_console_getchar  main.o
    0x08003894   0x08003894   0x00000060   Code   RO           17    .text.rt_hw_console_output  main.o
    0x080038f4   0x080038f4   0x0000042c   Code   RO          697    .text.rt_hw_hard_fault_exception  cpuport.o
    0x08003d20   0x08003d20   0x0000003c   Code   RO          693    .text.rt_hw_stack_init  cpuport.o
    0x08003d5c   0x08003d5c   0x0000001c   Code   RO          826    .text.rt_interrupt_enter  irq.o
    0x08003d78   0x08003d78   0x0000001c   Code   RO          828    .text.rt_interrupt_leave  irq.o
    0x08003d94   0x08003d94   0x00000032   Code   RO          873    .text.rt_kprintf    kservice.o
    0x08003dc6   0x08003dc6   0x00000002   PAD
    0x08003dc8   0x08003dc8   0x0000018a   Code   RO          908    .text.rt_malloc     mem.o
    0x08003f52   0x08003f52   0x00000002   PAD
    0x08003f54   0x08003f54   0x000000ec   Code   RO          851    .text.rt_memmove    kservice.o
    0x08004040   0x08004040   0x000000f6   Code   RO          847    .text.rt_memset     kservice.o
    0x08004136   0x08004136   0x00000002   PAD
    0x08004138   0x08004138   0x0000007a   Code   RO          944    .text.rt_object_allocate  object.o
    0x080041b2   0x080041b2   0x00000002   PAD
    0x080041b4   0x080041b4   0x0000002c   Code   RO          946    .text.rt_object_delete  object.o
    0x080041e0   0x080041e0   0x00000024   Code   RO          942    .text.rt_object_detach  object.o
    0x08004204   0x08004204   0x00000034   Code   RO          934    .text.rt_object_get_information  object.o
    0x08004238   0x08004238   0x0000008a   Code   RO          940    .text.rt_object_init  object.o
    0x080042c2   0x080042c2   0x00000002   PAD
    0x080042c4   0x080042c4   0x00000006   Code   RO          948    .text.rt_object_is_systemobject  object.o
    0x080042ca   0x080042ca   0x00000002   PAD
    0x080042cc   0x080042cc   0x00000072   Code   RO          967    .text.rt_schedule   scheduler.o
    0x0800433e   0x0800433e   0x00000002   PAD
    0x08004340   0x08004340   0x00000052   Code   RO          969    .text.rt_schedule_insert_thread  scheduler.o
    0x08004392   0x08004392   0x00000002   PAD
    0x08004394   0x08004394   0x00000056   Code   RO          971    .text.rt_schedule_remove_thread  scheduler.o
    0x080043ea   0x080043ea   0x00000002   PAD
    0x080043ec   0x080043ec   0x00000020   Code   RO          786    .text.rt_sem_init   ipc.o
    0x0800440c   0x0800440c   0x00000052   Code   RO          798    .text.rt_sem_release  ipc.o
    0x0800445e   0x0800445e   0x00000002   PAD
    0x08004460   0x08004460   0x000000f0   Code   RO          794    .text.rt_sem_take   ipc.o
    0x08004550   0x08004550   0x000000b8   Code   RO          871    .text.rt_show_version  kservice.o
    0x08004608   0x08004608   0x0000002e   Code   RO          857    .text.rt_strlen     kservice.o
    0x08004636   0x08004636   0x00000002   PAD
    0x08004638   0x08004638   0x00000086   Code   RO          861    .text.rt_strncpy    kservice.o
    0x080046be   0x080046be   0x00000002   PAD
    0x080046c0   0x080046c0   0x000000bc   Code   RO          906    .text.rt_system_heap_init  mem.o
    0x0800477c   0x0800477c   0x0000012a   Code   RO          963    .text.rt_system_scheduler_init  scheduler.o
    0x080048a6   0x080048a6   0x00000002   PAD
    0x080048a8   0x080048a8   0x00000030   Code   RO          965    .text.rt_system_scheduler_start  scheduler.o
    0x080048d8   0x080048d8   0x00000010   Code   RO         1049    .text.rt_system_timer_init  timer.o
    0x080048e8   0x080048e8   0x00000002   Code   RO         1051    .text.rt_system_timer_thread_init  timer.o
    0x080048ea   0x080048ea   0x00000002   PAD
    0x080048ec   0x080048ec   0x000000b0   Code   RO         1001    .text.rt_thread_create  thread.o
    0x0800499c   0x0800499c   0x0000007a   Code   RO          989    .text.rt_thread_exit  thread.o
    0x08004a16   0x08004a16   0x00000002   PAD
    0x08004a18   0x08004a18   0x0000003e   Code   RO          772    .text.rt_thread_idle_entry  idle.o
    0x08004a56   0x08004a56   0x00000002   PAD
    0x08004a58   0x08004a58   0x00000050   Code   RO          770    .text.rt_thread_idle_init  idle.o
    0x08004aa8   0x08004aa8   0x0000008e   Code   RO          991    .text.rt_thread_init  thread.o
    0x08004b36   0x08004b36   0x00000002   PAD
    0x08004b38   0x08004b38   0x0000000e   Code   RO         1015    .text.rt_thread_mdelay  thread.o
    0x08004b46   0x08004b46   0x00000002   PAD
    0x08004b48   0x08004b48   0x00000046   Code   RO          997    .text.rt_thread_resume  thread.o
    0x08004b8e   0x08004b8e   0x00000002   PAD
    0x08004b90   0x08004b90   0x0000000c   Code   RO          993    .text.rt_thread_self  thread.o
    0x08004b9c   0x08004b9c   0x00000078   Code   RO         1007    .text.rt_thread_sleep  thread.o
    0x08004c14   0x08004c14   0x0000005c   Code   RO          995    .text.rt_thread_startup  thread.o
    0x08004c70   0x08004c70   0x00000042   Code   RO         1009    .text.rt_thread_suspend  thread.o
    0x08004cb2   0x08004cb2   0x00000002   PAD
    0x08004cb4   0x08004cb4   0x00000028   Code   RO         1019    .text.rt_thread_timeout  thread.o
    0x08004cdc   0x08004cdc   0x00000064   Code   RO         1005    .text.rt_thread_yield  thread.o
    0x08004d40   0x08004d40   0x00000034   Code   RO          724    .text.rt_tick_from_millisecond  clock.o
    0x08004d74   0x08004d74   0x0000000c   Code   RO          718    .text.rt_tick_get   clock.o
    0x08004d80   0x08004d80   0x00000034   Code   RO          722    .text.rt_tick_increase  clock.o
    0x08004db4   0x08004db4   0x00000188   Code   RO         1045    .text.rt_timer_check  timer.o
    0x08004f3c   0x08004f3c   0x00000068   Code   RO         1043    .text.rt_timer_control  timer.o
    0x08004fa4   0x08004fa4   0x00000030   Code   RO         1033    .text.rt_timer_detach  timer.o
    0x08004fd4   0x08004fd4   0x00000032   Code   RO         1031    .text.rt_timer_init  timer.o
    0x08005006   0x08005006   0x00000002   PAD
    0x08005008   0x08005008   0x000000d2   Code   RO         1039    .text.rt_timer_start  timer.o
    0x080050da   0x080050da   0x00000002   PAD
    0x080050dc   0x080050dc   0x00000038   Code   RO         1041    .text.rt_timer_stop  timer.o
    0x08005114   0x08005114   0x000007f4   Code   RO          875    .text.rt_vsnprintf  kservice.o
    0x08005908   0x08005908   0x00000004   Code   RO          739    .text.rti_board_end  components.o
    0x0800590c   0x0800590c   0x00000004   Code   RO          737    .text.rti_board_start  components.o
    0x08005910   0x08005910   0x00000004   Code   RO          741    .text.rti_end       components.o
    0x08005914   0x08005914   0x00000004   Code   RO          735    .text.rti_start     components.o
    0x08005918   0x08005918   0x0000003a   Code   RO         1070    .text.uart_init     board.o
    0x08005952   0x08005952   0x00000002   PAD
    0x08005954   0x08005954   0x0000000a   Code   RO          598    .text.version       cmd.o
    0x0800595e   0x0800595e   0x00000002   PAD
    0x08005960   0x08005960   0x00000062   Code   RO         1108    x$fpl$d2f           fz_ws.l(d2f.o)
    0x080059c2   0x080059c2   0x00000002   PAD
    0x080059c4   0x080059c4   0x000002b4   Code   RO         1111    x$fpl$ddiv          fz_ws.l(ddiv.o)
    0x08005c78   0x08005c78   0x00000154   Code   RO         1114    x$fpl$dmul          fz_ws.l(dmul.o)
    0x08005dcc   0x08005dcc   0x0000009c   Code   RO         1125    x$fpl$dnaninf       fz_ws.l(dnaninf.o)
    0x08005e68   0x08005e68   0x0000000c   Code   RO         1127    x$fpl$dretinf       fz_ws.l(dretinf.o)
    0x08005e74   0x08005e74   0x00000056   Code   RO         1116    x$fpl$f2d           fz_ws.l(f2d.o)
    0x08005eca   0x08005eca   0x00000002   PAD
    0x08005ecc   0x08005ecc   0x00000036   Code   RO         1118    x$fpl$ffix          fz_ws.l(ffix.o)
    0x08005f02   0x08005f02   0x0000008c   Code   RO         1129    x$fpl$fnaninf       fz_ws.l(fnaninf.o)
    0x08005f8e   0x08005f8e   0x0000000a   Code   RO         1131    x$fpl$fretinf       fz_ws.l(fretinf.o)
    0x08005f98   0x08005f98   0x00000000   Code   RO         1133    x$fpl$usenofp       fz_ws.l(usenofp.o)
    0x08005f98   0x08005f98   0x00000010   Data   RO          556    .rodata.AHBPrescTable  system_stm32f1xx.o
    0x08005fa8   0x08005fa8   0x00000008   Data   RO          557    .rodata.APBPrescTable  system_stm32f1xx.o
    0x08005fb0   0x08005fb0   0x00000002   Data   RO          307    .rodata.HAL_RCC_GetSysClockFreq.aPredivFactorTable  stm32f1xx_hal_rcc.o
    0x08005fb2   0x08005fb2   0x00000100   Data   RO          897    .rodata.__lowest_bit_bitmap  kservice.o
    0x080060b2   0x080060b2   0x00000010   Data   RO          306    .rodata.cst16       stm32f1xx_hal_rcc.o
    0x080060c2   0x080060c2   0x000001a7   Data   RO          610    .rodata.name        cmd.o
    0x08006269   0x08006269   0x00000076   Data   RO          645    .rodata.name        msh.o
    0x080062df   0x080062df   0x00000027   Data   RO          920    .rodata.name        mem.o
    0x08006306   0x08006306   0x0000009b   Data   RO          614    .rodata.str1.1      cmd.o
    0x080063a1   0x080063a1   0x0000002e   Data   RO          644    .rodata.str1.1      msh.o
    0x080063cf   0x080063cf   0x00000005   Data   RO          678    .rodata.str1.1      shell.o
    0x080063d4   0x080063d4   0x000001ad   Data   RO          704    .rodata.str1.1      cpuport.o
    0x08006581   0x08006581   0x00000005   Data   RO          759    .rodata.str1.1      components.o
    0x08006586   0x08006586   0x00000002   PAD
    0x08006588   0x08006588   0x00000004   Data   RO          755    .rti_fn.0           components.o
    0x0800658c   0x0800658c   0x00000004   Data   RO          756    .rti_fn.0.end       components.o
    0x08006590   0x08006590   0x00000004   Data   RO         1075    .rti_fn.1           board.o
    0x08006594   0x08006594   0x00000004   Data   RO          757    .rti_fn.1.end       components.o
    0x08006598   0x08006598   0x00000004   Data   RO          679    .rti_fn.6           shell.o
    0x0800659c   0x0800659c   0x00000004   Data   RO          758    .rti_fn.6.end       components.o
    0x080065a0   0x080065a0   0x0000000c   Data   RO          611    FSymTab             cmd.o
    0x080065ac   0x080065ac   0x0000000c   Data   RO          612    FSymTab             cmd.o
    0x080065b8   0x080065b8   0x0000000c   Data   RO          613    FSymTab             cmd.o
    0x080065c4   0x080065c4   0x0000000c   Data   RO          615    FSymTab             cmd.o
    0x080065d0   0x080065d0   0x0000000c   Data   RO          616    FSymTab             cmd.o
    0x080065dc   0x080065dc   0x0000000c   Data   RO          617    FSymTab             cmd.o
    0x080065e8   0x080065e8   0x0000000c   Data   RO          618    FSymTab             cmd.o
    0x080065f4   0x080065f4   0x0000000c   Data   RO          619    FSymTab             cmd.o
    0x08006600   0x08006600   0x0000000c   Data   RO          620    FSymTab             cmd.o
    0x0800660c   0x0800660c   0x0000000c   Data   RO          621    FSymTab             cmd.o
    0x08006618   0x08006618   0x0000000c   Data   RO          622    FSymTab             cmd.o
    0x08006624   0x08006624   0x0000000c   Data   RO          623    FSymTab             cmd.o
    0x08006630   0x08006630   0x0000000c   Data   RO          646    FSymTab             msh.o
    0x0800663c   0x0800663c   0x0000000c   Data   RO          647    FSymTab             msh.o
    0x08006648   0x08006648   0x0000000c   Data   RO          648    FSymTab             msh.o
    0x08006654   0x08006654   0x0000000c   Data   RO          921    FSymTab             mem.o
    0x08006660   0x08006660   0x00000020   Data   RO         1295    Region$$Table       anon$$obj.o


    Execution Region RW_IRAM1 (Exec base: 0x20000000, Load base: 0x08006680, Size: 0x00004808, Max: 0x00005000, ABSOLUTE)

    Exec Addr    Load Addr    Size         Type   Attr      Idx    E Section Name        Object

    0x20000000   0x08006680   0x00000008   Data   RW          269    .data..L_MergedGlobals  stm32f1xx_hal.o
    0x20000008   0x08006688   0x00000004   Data   RW          555    .data.SystemCoreClock  system_stm32f1xx.o
    0x2000000c   0x0800668c   0x00000004   Data   RW          572    .data.round_num     motor.o
    0x20000010   0x08006690   0x00000040   Data   RW          954    .data.rt_object_container  object.o
    0x20000050        -       0x00000060   Zero   RW         1160    .bss                c_w.l(libspace.o)
    0x200000b0        -       0x00000018   Zero   RW          680    .bss..L_MergedGlobals  shell.o
    0x200000c8        -       0x00000038   Zero   RW          922    .bss..L_MergedGlobals  mem.o
    0x20000100        -       0x00000014   Zero   RW          980    .bss..L_MergedGlobals  scheduler.o
    0x20000114        -       0x0000000c   Zero   RW         1053    .bss..L_MergedGlobals  timer.o
    0x20000120        -       0x00000101   Zero   RW          677    .bss.finsh_get_prompt.finsh_prompt  shell.o
    0x20000221   0x080066d0   0x00000003   PAD
    0x20000224        -       0x00000048   Zero   RW           45    .bss.huart2         usart.o
    0x2000026c        -       0x00000078   Zero   RW          776    .bss.idle           idle.o
    0x200002e4        -       0x00000004   Zero   RW          573    .bss.motor.num      motor.o
    0x200002e8        -       0x00000004   Zero   RW          703    .bss.rt_exception_hook  cpuport.o
    0x200002ec        -       0x00003c00   Zero   RW         1074    .bss.rt_heap        board.o
    0x20003eec        -       0x00000004   Zero   RW          705    .bss.rt_interrupt_from_thread  cpuport.o
    0x20003ef0        -       0x00000001   Zero   RW          832    .bss.rt_interrupt_nest  irq.o
    0x20003ef1   0x080066d0   0x00000003   PAD
    0x20003ef4        -       0x00000004   Zero   RW          706    .bss.rt_interrupt_to_thread  cpuport.o
    0x20003ef8        -       0x00000100   Zero   RW          896    .bss.rt_kprintf.rt_log_buf  kservice.o
    0x20003ff8        -       0x00000100   Zero   RW          979    .bss.rt_thread_priority_table  scheduler.o
    0x200040f8        -       0x00000100   Zero   RW          777    .bss.rt_thread_stack  idle.o
    0x200041f8        -       0x00000004   Zero   RW          707    .bss.rt_thread_switch_interrupt_flag  cpuport.o
    0x200041fc        -       0x00000004   Zero   RW          726    .bss.rt_tick        clock.o
    0x20004200        -       0x00000004   Zero   RW          268    .bss.uwTick         stm32f1xx_hal.o
    0x20004204   0x080066d0   0x00000004   PAD
    0x20004208        -       0x00000200   Zero   RW            2    HEAP                startup_stm32f103xb.o
    0x20004408        -       0x00000400   Zero   RW            1    STACK               startup_stm32f103xb.o


==============================================================================

Image component sizes


      Code (inc. data)   RO Data    RW Data    ZI Data      Debug   Object Name

       256          0          4          0      15360       5045   board.o
       116          0          0          0          4       2802   clock.o
      3398        528        722          0          0      17313   cmd.o
       194          0         21          0          0       3790   components.o
       244         28          0          0          0        884   context_rvds.o
      1128        168        429          0         16       4554   cpuport.o
       164          0          0          0          0       1579   gpio.o
       142          8          0          0        376       3457   idle.o
       354          0          0          0          0      13304   ipc.o
        56          0          0          0          1       1277   irq.o
      4276        432        256          0        256      26539   kservice.o
       398          0          0          0          0       3385   main.o
      1016        216         51          0         56       6313   mem.o
       478          0          0          4          4       3473   motor.o
      1584         64        200          0          0       7340   msh.o
       398          0          0         64          0       7972   object.o
       806          0          0          0        276       6229   scheduler.o
      1368        218          9          0        281       6813   shell.o
        64         26        236          0       1536        812   startup_stm32f103xb.o
       122          0          0          8          4       5761   stm32f1xx_hal.o
       162          0          0          0          0       8519   stm32f1xx_hal_cortex.o
       548         22          0          0          0       4589   stm32f1xx_hal_gpio.o
        66          0          0          0          0       1215   stm32f1xx_hal_msp.o
      1470          0         18          0          0       7691   stm32f1xx_hal_rcc.o
       858          0          0          0          0      32350   stm32f1xx_hal_uart.o
        12          0          0          0          0        796   stm32f1xx_it.o
       114          0         24          4          0       1641   system_stm32f1xx.o
       954          0          0          0          0      10502   thread.o
       878          8          0          0         12       9216   timer.o
       178          0          0          0         72       4327   usart.o

    ----------------------------------------------------------------------
     21904       1718       2004         80      18264     209488   Object Totals
         0          0         32          0          0          0   (incl. Generated)
       102          0          2          0         10          0   (incl. Padding)

    ----------------------------------------------------------------------

      Code (inc. data)   RO Data    RW Data    ZI Data      Debug   Library Member Name

         8          0          0          0          0         68   __main.o
         0          0          0          0          0          0   __rtentry.o
        12          0          0          0          0          0   __rtentry2.o
         6          0          0          0          0          0   __rtentry4.o
        52          8          0          0          0          0   __scatter.o
        26          0          0          0          0          0   __scatter_copy.o
        28          0          0          0          0          0   __scatter_zi.o
        16          0          0          0          0         68   aeabi_memset.o
        18          0          0          0          0         80   exit.o
         6          0          0          0          0        152   heapauxi.o
         0          0          0          0          0          0   indicate_semi.o
         2          0          0          0          0          0   libinit.o
         2          0          0          0          0          0   libinit2.o
         2          0          0          0          0          0   libshutdown.o
         2          0          0          0          0          0   libshutdown2.o
         8          4          0          0         96         68   libspace.o
        68          0          0          0          0         68   rt_memclr.o
        78          0          0          0          0         80   rt_memclr_w.o
         2          0          0          0          0          0   rtexit.o
        10          0          0          0          0          0   rtexit2.o
        62          0          0          0          0         76   strlen.o
       150          0          0          0          0         80   strncmp.o
        86          0          0          0          0         76   strncpy.o
        12          4          0          0          0         68   sys_exit.o
        74          0          0          0          0         80   sys_stackheap_outer.o
         2          0          0          0          0         68   use_no_semi.o
        98          4          0          0          0         92   d2f.o
       692        140          0          0          0        216   ddiv.o
       340         12          0          0          0        104   dmul.o
       156          4          0          0          0         92   dnaninf.o
        12          0          0          0          0         68   dretinf.o
        86          4          0          0          0         84   f2d.o
        54          4          0          0          0         84   ffix.o
       140          4          0          0          0         84   fnaninf.o
        10          0          0          0          0         68   fretinf.o
         0          0          0          0          0          0   usenofp.o

    ----------------------------------------------------------------------
      2332        188          0          0         96       1924   Library Totals
        12          0          0          0          0          0   (incl. Padding)

    ----------------------------------------------------------------------

      Code (inc. data)   RO Data    RW Data    ZI Data      Debug   Library Name

       732         16          0          0         96       1032   c_w.l
      1588        172          0          0          0        892   fz_ws.l

    ----------------------------------------------------------------------
      2332        188          0          0         96       1924   Library Totals

    ----------------------------------------------------------------------

==============================================================================


      Code (inc. data)   RO Data    RW Data    ZI Data      Debug   

     24236       1906       2004         80      18360     209932   Grand Totals
     24236       1906       2004         80      18360     209932   ELF Image Totals
     24236       1906       2004         80          0          0   ROM Totals

==============================================================================

    Total RO  Size (Code + RO Data)                26240 (  25.62kB)
    Total RW  Size (RW Data + ZI Data)             18440 (  18.01kB)
    Total ROM Size (Code + RO Data + RW Data)      26320 (  25.70kB)

==============================================================================

